Archive member included to satisfy reference by file (symbol)

C:/ST/STM32CubeIDE_1.19.0/STM32CubeIDE/plugins/com.st.stm32cube.ide.mcu.externaltools.gnu-tools-for-stm32.13.3.rel1.win32_1.0.0.202411081344/tools/bin/../lib/gcc/arm-none-eabi/13.3.1/../../../../arm-none-eabi/lib/thumb/v7e-m+fp/hard\libc_nano.a(libc_a-exit.o)
                              C:/ST/STM32CubeIDE_1.19.0/STM32CubeIDE/plugins/com.st.stm32cube.ide.mcu.externaltools.gnu-tools-for-stm32.13.3.rel1.win32_1.0.0.202411081344/tools/bin/../lib/gcc/arm-none-eabi/13.3.1/../../../../arm-none-eabi/lib/thumb/v7e-m+fp/hard/crt0.o (exit)
C:/ST/STM32CubeIDE_1.19.0/STM32CubeIDE/plugins/com.st.stm32cube.ide.mcu.externaltools.gnu-tools-for-stm32.13.3.rel1.win32_1.0.0.202411081344/tools/bin/../lib/gcc/arm-none-eabi/13.3.1/../../../../arm-none-eabi/lib/thumb/v7e-m+fp/hard\libc_nano.a(libc_a-nano-vfprintf_float.o)
                              (_printf_float)
C:/ST/STM32CubeIDE_1.19.0/STM32CubeIDE/plugins/com.st.stm32cube.ide.mcu.externaltools.gnu-tools-for-stm32.13.3.rel1.win32_1.0.0.202411081344/tools/bin/../lib/gcc/arm-none-eabi/13.3.1/../../../../arm-none-eabi/lib/thumb/v7e-m+fp/hard\libc_nano.a(libc_a-nano-vfprintf_i.o)
                              C:/ST/STM32CubeIDE_1.19.0/STM32CubeIDE/plugins/com.st.stm32cube.ide.mcu.externaltools.gnu-tools-for-stm32.13.3.rel1.win32_1.0.0.202411081344/tools/bin/../lib/gcc/arm-none-eabi/13.3.1/../../../../arm-none-eabi/lib/thumb/v7e-m+fp/hard\libc_nano.a(libc_a-nano-vfprintf_float.o) (_printf_common)
C:/ST/STM32CubeIDE_1.19.0/STM32CubeIDE/plugins/com.st.stm32cube.ide.mcu.externaltools.gnu-tools-for-stm32.13.3.rel1.win32_1.0.0.202411081344/tools/bin/../lib/gcc/arm-none-eabi/13.3.1/../../../../arm-none-eabi/lib/thumb/v7e-m+fp/hard\libc_nano.a(libc_a-findfp.o)
                              C:/ST/STM32CubeIDE_1.19.0/STM32CubeIDE/plugins/com.st.stm32cube.ide.mcu.externaltools.gnu-tools-for-stm32.13.3.rel1.win32_1.0.0.202411081344/tools/bin/../lib/gcc/arm-none-eabi/13.3.1/../../../../arm-none-eabi/lib/thumb/v7e-m+fp/hard\libc_nano.a(libc_a-exit.o) (__stdio_exit_handler)
C:/ST/STM32CubeIDE_1.19.0/STM32CubeIDE/plugins/com.st.stm32cube.ide.mcu.externaltools.gnu-tools-for-stm32.13.3.rel1.win32_1.0.0.202411081344/tools/bin/../lib/gcc/arm-none-eabi/13.3.1/../../../../arm-none-eabi/lib/thumb/v7e-m+fp/hard\libc_nano.a(libc_a-fwalk.o)
                              C:/ST/STM32CubeIDE_1.19.0/STM32CubeIDE/plugins/com.st.stm32cube.ide.mcu.externaltools.gnu-tools-for-stm32.13.3.rel1.win32_1.0.0.202411081344/tools/bin/../lib/gcc/arm-none-eabi/13.3.1/../../../../arm-none-eabi/lib/thumb/v7e-m+fp/hard\libc_nano.a(libc_a-findfp.o) (_fwalk_sglue)
C:/ST/STM32CubeIDE_1.19.0/STM32CubeIDE/plugins/com.st.stm32cube.ide.mcu.externaltools.gnu-tools-for-stm32.13.3.rel1.win32_1.0.0.202411081344/tools/bin/../lib/gcc/arm-none-eabi/13.3.1/../../../../arm-none-eabi/lib/thumb/v7e-m+fp/hard\libc_nano.a(libc_a-snprintf.o)
                              ./Core/Src/main.o (snprintf)
C:/ST/STM32CubeIDE_1.19.0/STM32CubeIDE/plugins/com.st.stm32cube.ide.mcu.externaltools.gnu-tools-for-stm32.13.3.rel1.win32_1.0.0.202411081344/tools/bin/../lib/gcc/arm-none-eabi/13.3.1/../../../../arm-none-eabi/lib/thumb/v7e-m+fp/hard\libc_nano.a(libc_a-sscanf.o)
                              ./Core/Src/main.o (sscanf)
C:/ST/STM32CubeIDE_1.19.0/STM32CubeIDE/plugins/com.st.stm32cube.ide.mcu.externaltools.gnu-tools-for-stm32.13.3.rel1.win32_1.0.0.202411081344/tools/bin/../lib/gcc/arm-none-eabi/13.3.1/../../../../arm-none-eabi/lib/thumb/v7e-m+fp/hard\libc_nano.a(libc_a-stdio.o)
                              C:/ST/STM32CubeIDE_1.19.0/STM32CubeIDE/plugins/com.st.stm32cube.ide.mcu.externaltools.gnu-tools-for-stm32.13.3.rel1.win32_1.0.0.202411081344/tools/bin/../lib/gcc/arm-none-eabi/13.3.1/../../../../arm-none-eabi/lib/thumb/v7e-m+fp/hard\libc_nano.a(libc_a-findfp.o) (__sread)
C:/ST/STM32CubeIDE_1.19.0/STM32CubeIDE/plugins/com.st.stm32cube.ide.mcu.externaltools.gnu-tools-for-stm32.13.3.rel1.win32_1.0.0.202411081344/tools/bin/../lib/gcc/arm-none-eabi/13.3.1/../../../../arm-none-eabi/lib/thumb/v7e-m+fp/hard\libc_nano.a(libc_a-memset.o)
                              C:/ST/STM32CubeIDE_1.19.0/STM32CubeIDE/plugins/com.st.stm32cube.ide.mcu.externaltools.gnu-tools-for-stm32.13.3.rel1.win32_1.0.0.202411081344/tools/bin/../lib/gcc/arm-none-eabi/13.3.1/../../../../arm-none-eabi/lib/thumb/v7e-m+fp/hard/crt0.o (memset)
C:/ST/STM32CubeIDE_1.19.0/STM32CubeIDE/plugins/com.st.stm32cube.ide.mcu.externaltools.gnu-tools-for-stm32.13.3.rel1.win32_1.0.0.202411081344/tools/bin/../lib/gcc/arm-none-eabi/13.3.1/../../../../arm-none-eabi/lib/thumb/v7e-m+fp/hard\libc_nano.a(libc_a-strcasecmp.o)
                              ./Core/Src/main.o (strcasecmp)
C:/ST/STM32CubeIDE_1.19.0/STM32CubeIDE/plugins/com.st.stm32cube.ide.mcu.externaltools.gnu-tools-for-stm32.13.3.rel1.win32_1.0.0.202411081344/tools/bin/../lib/gcc/arm-none-eabi/13.3.1/../../../../arm-none-eabi/lib/thumb/v7e-m+fp/hard\libc_nano.a(libc_a-strncat.o)
[...]
Memory Configuration

Name             Origin             Length             Attributes
RAM              0x20000000         0x00040000         xrw
RAM2             0x10000000         0x00010000         xrw
FLASH            0x08000000         0x00100000         xr
*default*        0x00000000         0xffffffff

Linker script and memory map

LOAD C:/ST/STM32CubeIDE_1.19.0/STM32CubeIDE/plugins/com.st.stm32cube.ide.mcu.externaltools.gnu-tools-for-stm32.13.3.rel1.win32_1.0.0.202411081344/tools/bin/../lib/gcc/arm-none-eabi/13.3.1/thumb/v7e-m+fp/hard/crti.o
LOAD C:/ST/STM32CubeIDE_1.19.0/STM32CubeIDE/plugins/com.st.stm32cube.ide.mcu.externaltools.gnu-tools-for-stm32.13.3.rel1.win32_1.0.0.202411081344/tools/bin/../lib/gcc/arm-none-eabi/13.3.1/thumb/v7e-m+fp/hard/crtbegin.o
LOAD C:/ST/STM32CubeIDE_1.19.0/STM32CubeIDE/plugins/com.st.stm32cube.ide.mcu.externaltools.gnu-tools-for-stm32.13.3.rel1.win32_1.0.0.202411081344/tools/bin/../lib/gcc/arm-none-eabi/13.3.1/../../../../arm-none-eabi/lib/thumb/v7e-m+fp/hard/crt0.o
LOAD ./Core/Src/freertos.o
LOAD ./Core/Src/main.o
LOAD ./Core/Src/stm32l4xx_hal_msp.o
LOAD ./Core/Src/stm32l4xx_it.o
LOAD ./Core/Src/stm_crc32.o
LOAD ./Core/Src/syscalls.o
LOAD ./Core/Src/sysmem.o
LOAD ./Core/Src/system_stm32l4xx.o
LOAD ./Core/Startup/startup_stm32l496zgtx.o
LOAD ./Drivers/STM32L4xx_HAL_Driver/Src/stm32l4xx_hal.o
LOAD ./Drivers/STM32L4xx_HAL_Driver/Src/stm32l4xx_hal_adc.o
LOAD ./Drivers/STM32L4xx_HAL_Driver/Src/stm32l4xx_hal_adc_ex.o
LOAD ./Drivers/STM32L4xx_HAL_Driver/Src/stm32l4xx_hal_cortex.o
LOAD ./Drivers/STM32L4xx_HAL_Driver/Src/stm32l4xx_hal_dma.o
LOAD ./Drivers/STM32L4xx_HAL_Driver/Src/stm32l4xx_hal_dma_ex.o
LOAD ./Drivers/STM32L4xx_HAL_Driver/Src/stm32l4xx_hal_exti.o
LOAD ./Drivers/STM32L4xx_HAL_Driver/Src/stm32l4xx_hal_flash.o
LOAD ./Drivers/STM32L4xx_HAL_Driver/Src/stm32l4xx_hal_flash_ex.o
LOAD ./Drivers/STM32L4xx_HAL_Driver/Src/stm32l4xx_hal_flash_ramfunc.o
LOAD ./Drivers/STM32L4xx_HAL_Driver/Src/stm32l4xx_hal_gpio.o
LOAD ./Drivers/STM32L4xx_HAL_Driver/Src/stm32l4xx_hal_i2c.o
LOAD ./Drivers/STM32L4xx_HAL_Driver/Src/stm32l4xx_hal_i2c_ex.o
LOAD ./Drivers/STM32L4xx_HAL_Driver/Src/stm32l4xx_hal_pcd.o
LOAD ./Drivers/STM32L4xx_HAL_Driver/Src/stm32l4xx_hal_pcd_ex.o
LOAD ./Drivers/STM32L4xx_HAL_Driver/Src/stm32l4xx_hal_pwr.o
LOAD ./Drivers/STM32L4xx_HAL_Driver/Src/stm32l4xx_hal_pwr_ex.o
LOAD ./Drivers/STM32L4xx_HAL_Driver/Src/stm32l4xx_hal_rcc.o
LOAD ./Drivers/STM32L4xx_HAL_Driver/Src/stm32l4xx_hal_rcc_ex.o
LOAD ./Drivers/STM32L4xx_HAL_Driver/Src/stm32l4xx_hal_rtc.o
LOAD ./Drivers/STM32L4xx_HAL_Driver/Src/stm32l4xx_hal_rtc_ex.o
LOAD ./Drivers/STM32L4xx_HAL_Driver/Src/stm32l4xx_hal_spi.o
LOAD ./Drivers/STM32L4xx_HAL_Driver/Src/stm32l4xx_hal_spi_ex.o
LOAD ./Drivers/STM32L4xx_HAL_Driver/Src/stm32l4xx_hal_uart.o
LOAD ./Drivers/STM32L4xx_HAL_Driver/Src/stm32l4xx_hal_uart_ex.o
LOAD ./Drivers/STM32L4xx_HAL_Driver/Src/stm32l4xx_ll_usb.o
LOAD ./FATFS/App/fatfs.o
LOAD ./FATFS/Target/user_diskio.o
LOAD ./FATFS/Target/user_diskio_spi.o
LOAD ./Middlewares/Third_Party/FatFs/src/diskio.o
LOAD ./Middlewares/Third_Party/FatFs/src/ff.o
LOAD ./Middlewares/Third_Party/FatFs/src/ff_gen_drv.o
LOAD ./Middlewares/Third_Party/FatFs/src/option/syscall.o
LOAD ./Middlewares/Third_Party/FreeRTOS/Source/CMSIS_RTOS/cmsis_os.o
LOAD ./Middlewares/Third_Party/FreeRTOS/Source/croutine.o
LOAD ./Middlewares/Third_Party/FreeRTOS/Source/event_groups.o
LOAD ./Middlewares/Third_Party/FreeRTOS/Source/list.o
LOAD ./Middlewares/Third_Party/FreeRTOS/Source/queue.o
LOAD ./Middlewares/Third_Party/FreeRTOS/Source/stream_buffer.o
LOAD ./Middlewares/Third_Party/FreeRTOS/Source/tasks.o
LOAD ./Middlewares/Third_Party/FreeRTOS/Source/timers.o
LOAD ./Middlewares/Third_Party/FreeRTOS/Source/portable/GCC/ARM_CM4F/port.o
LOAD ./Middlewares/Third_Party/FreeRTOS/Source/portable/MemMang/heap_4.o
START GROUP
LOAD C:/ST/STM32CubeIDE_1.19.0/STM32CubeIDE/plugins/com.st.stm32cube.ide.mcu.externaltools.gnu-tools-for-stm32.13.3.rel1.win32_1.0.0.202411081344/tools/bin/../lib/gcc/arm-none-eabi/13.3.1/../../../../arm-none-eabi/lib/thumb/v7e-m+fp/hard\libc_nano.a
LOAD C:/ST/STM32CubeIDE_1.19.0/STM32CubeIDE/plugins/com.st.stm32cube.ide.mcu.externaltools.gnu-tools-for-stm32.13.3.rel1.win32_1.0.0.202411081344/tools/bin/../lib/gcc/arm-none-eabi/13.3.1/../../../../arm-none-eabi/lib/thumb/v7e-m+fp/hard\libm.a
END GROUP
START GROUP
LOAD C:/ST/STM32CubeIDE_1.19.0/STM32CubeIDE/plugins/com.st.stm32cube.ide.mcu.externaltools.gnu-tools-for-stm32.13.3.rel1.win32_1.0.0.202411081344/tools/bin/../lib/gcc/arm-none-eabi/13.3.1/thumb/v7e-m+fp/hard\libgcc.a
LOAD C:/ST/STM32CubeIDE_1.19.0/STM32CubeIDE/plugins/com.st.stm32cube.ide.mcu.externaltools.gnu-tools-for-stm32.13.3.rel1.win32_1.0.0.202411081344/tools/bin/../lib/gcc/arm-none-eabi/13.3.1/../../../../arm-none-eabi/lib/thumb/v7e-m+fp/hard\libc_nano.a
END GROUP
START GROUP
LOAD C:/ST/STM32CubeIDE_1.19.0/STM32CubeIDE/plugins/com.st.stm32cube.ide.mcu.externaltools.gnu-tools-for-stm32.13.3.rel1.win32_1.0.0.202411081344/tools/bin/../lib/gcc/arm-none-eabi/13.3.1/thumb/v7e-m+fp/hard\libgcc.a
LOAD C:/ST/STM32CubeIDE_1.19.0/STM32CubeIDE/plugins/com.st.stm32cube.ide.mcu.externaltools.gnu-tools-for-stm32.13.3.rel1.win32_1.0.0.202411081344/tools/bin/../lib/gcc/arm-none-eabi/13.3.1/../../../../arm-none-eabi/lib/thumb/v7e-m+fp/hard\libc_nano.a
LOAD C:/ST/STM32CubeIDE_1.19.0/STM32CubeIDE/plugins/com.st.stm32cube.ide.mcu.externaltools.gnu-tools-for-stm32.13.3.rel1.win32_1.0.0.202411081344/tools/bin/../lib/gcc/arm-none-eabi/13.3.1/../../../../arm-none-eabi/lib/thumb/v7e-m+fp/hard\libnosys.a
END GROUP
START GROUP
LOAD C:/ST/STM32CubeIDE_1.19.0/STM32CubeIDE/plugins/com.st.stm32cube.ide.mcu.externaltools.gnu-tools-for-stm32.13.3.rel1.win32_1.0.0.202411081344/tools/bin/../lib/gcc/arm-none-eabi/13.3.1/thumb/v7e-m+fp/hard\libgcc.a
LOAD C:/ST/STM32CubeIDE_1.19.0/STM32CubeIDE/plugins/com.st.stm32cube.ide.mcu.externaltools.gnu-tools-for-stm32.13.3.rel1.win32_1.0.0.202411081344/tools/bin/../lib/gcc/arm-none-eabi/13.3.1/../../../../arm-none-eabi/lib/thumb/v7e-m+fp/hard\libc_nano.a
LOAD C:/ST/STM32CubeIDE_1.19.0/STM32CubeIDE/plugins/com.st.stm32cube.ide.mcu.externaltools.gnu-tools-for-stm32.13.3.rel1.win32_1.0.0.202411081344/tools/bin/../lib/gcc/arm-none-eabi/13.3.1/../../../../arm-none-eabi/lib/thumb/v7e-m+fp/hard\libnosys.a
END GROUP
LOAD C:/ST/STM32CubeIDE_1.19.0/STM32CubeIDE/plugins/com.st.stm32cube.ide.mcu.externaltools.gnu-tools-for-stm32.13.3.rel1.win32_1.0.0.202411081344/tools/bin/../lib/gcc/arm-none-eabi/13.3.1/thumb/v7e-m+fp/hard/crtend.o
LOAD C:/ST/STM32CubeIDE_1.19.0/STM32CubeIDE/plugins/com.st.stm32cube.ide.mcu.externaltools.gnu-tools-for-stm32.13.3.rel1.win32_1.0.0.202411081344/tools/bin/../lib/gcc/arm-none-eabi/13.3.1/thumb/v7e-m+fp/hard/crtn.o
                0x20040000                        _estack = (ORIGIN (RAM) + LENGTH (RAM))
                0x00000200                        _Min_Heap_Size = 0x200
                0x00000400                        _Min_Stack_Size = 0x400

.isr_vector     0x08000000      0x1ac
                0x08000000                        . = ALIGN (0x4)
 *(.isr_vector)
 .isr_vector    0x08000000      0x1ac ./Core/Startup/startup_stm32l496zgtx.o
                0x08000000                g_pfnVectors
                0x080001ac                        . = ALIGN (0x4)

.text           0x080001b0    0x16910
                0x080001b0                        . = ALIGN (0x4)
 *(.text)
 .text          0x080001b0       0x40 C:/ST/STM32CubeIDE_1.19.0/STM32CubeIDE/plugins/com.st.stm32cube.ide.mcu.externaltools.gnu-tools-for-stm32.13.3.rel1.win32_1.0.0.202411081344/tools/bin/../lib/gcc/arm-none-eabi/13.3.1/thumb/v7e-m+fp/hard/crtbegin.o
 .text          0x080001f0       0x14 C:/ST/STM32CubeIDE_1.19.0/STM32CubeIDE/plugins/com.st.stm32cube.ide.mcu.externaltools.gnu-tools-for-stm32.13.3.rel1.win32_1.0.0.202411081344/tools/bin/../lib/gcc/arm-none-eabi/13.3.1/../../../../arm-none-eabi/lib/thumb/v7e-m+fp/hard\libc_nano.a(libc_a-strcmp.o)
                0x080001f0                strcmp
 *fill*         0x08000204        0xc 
 .text          0x08000210       0xa0 C:/ST/STM32CubeIDE_1.19.0/STM32CubeIDE/plugins/com.st.stm32cube.ide.mcu.externaltools.gnu-tools-for-stm32.13.3.rel1.win32_1.0.0.202411081344/tools/bin/../lib/gcc/arm-none-eabi/13.3.1/../../../../arm-none-eabi/lib/thumb/v7e-m+fp/hard\libc_nano.a(libc_a-memchr.o)
                0x08000210                memchr
 .text          0x080002b0       0x10 C:/ST/STM32CubeIDE_1.19.0/STM32CubeIDE/plugins/com.st.stm32cube.ide.mcu.externaltools.gnu-tools-for-stm32.13.3.rel1.win32_1.0.0.202411081344/tools/bin/../lib/gcc/arm-none-eabi/13.3.1/../../../../arm-none-eabi/lib/thumb/v7e-m+fp/hard\libc_nano.a(libc_a-strlen.o)
                0x080002b0                strlen
 .text          0x080002c0      0x378 C:/ST/STM32CubeIDE_1.19.0/STM32CubeIDE/plugins/com.st.stm32cube.ide.mcu.externaltools.gnu-tools-for-stm32.13.3.rel1.win32_1.0.0.202411081344/tools/bin/../lib/gcc/arm-none-eabi/13.3.1/thumb/v7e-m+fp/hard\libgcc.a(_arm_addsubdf3.o)
                0x080002c0                __aeabi_drsub
                0x080002c8                __aeabi_dsub
                0x080002c8                __subdf3
                0x080002cc                __aeabi_dadd
                0x080002cc                __adddf3
                0x08000544                __floatunsidf
                0x08000544                __aeabi_ui2d
                0x08000564                __floatsidf
                0x08000564                __aeabi_i2d
                0x08000588                __aeabi_f2d
                0x08000588                __extendsfdf2
                0x080005cc                __floatundidf
                0x080005cc                __aeabi_ul2d
                0x080005dc                __floatdidf
                0x080005dc                __aeabi_l2d
 .text          0x08000638      0x424 C:/ST/STM32CubeIDE_1.19.0/STM32CubeIDE/plugins/com.st.stm32cube.ide.mcu.externaltools.gnu-tools-for-stm32.13.3.rel1.win32_1.0.0.202411081344/tools/bin/../lib/gcc/arm-none-eabi/13.3.1/thumb/v7e-m+fp/hard\libgcc.a(_arm_muldivdf3.o)
                0x08000638                __aeabi_dmul
                0x08000638                __muldf3
                0x0800088c                __divdf3
                0x0800088c                __aeabi_ddiv
 .text          0x08000a5c      0x110 C:/ST/STM32CubeIDE_1.19.0/STM32CubeIDE/plugins/com.st.stm32cube.ide.mcu.externaltools.gnu-tools-for-stm32.13.3.rel1.win32_1.0.0.202411081344/tools/bin/../lib/gcc/arm-none-eabi/13.3.1/thumb/v7e-m+fp/hard\libgcc.a(_arm_cmpdf2.o)
                0x08000a5c                __gtdf2
                0x08000a5c                __gedf2
                0x08000a64                __ltdf2
                0x08000a64                __ledf2
                0x08000a6c                __nedf2
                0x08000a6c                __eqdf2
                0x08000a6c                __cmpdf2
                0x08000ae8                __aeabi_cdrcmple
                0x08000af8                __aeabi_cdcmpeq
                0x08000af8                __aeabi_cdcmple
                0x08000b08                __aeabi_dcmpeq
                0x08000b1c                __aeabi_dcmplt
                0x08000b30                __aeabi_dcmple
                0x08000b44                __aeabi_dcmpge
                0x08000b58                __aeabi_dcmpgt
 .text          0x08000b6c       0x2c C:/ST/STM32CubeIDE_1.19.0/STM32CubeIDE/plugins/com.st.stm32cube.ide.mcu.externaltools.gnu-tools-for-stm32.13.3.rel1.win32_1.0.0.202411081344/tools/bin/../lib/gcc/arm-none-eabi/13.3.1/thumb/v7e-m+fp/hard\libgcc.a(_arm_unorddf2.o)
                0x08000b6c                __unorddf2
                0x08000b6c                __aeabi_dcmpun
 .text          0x08000b98       0x50 C:/ST/STM32CubeIDE_1.19.0/STM32CubeIDE/plugins/com.st.stm32cube.ide.mcu.externaltools.gnu-tools-for-stm32.13.3.rel1.win32_1.0.0.202411081344/tools/bin/../lib/gcc/arm-none-eabi/13.3.1/thumb/v7e-m+fp/hard\libgcc.a(_arm_fixdfsi.o)
                0x08000b98                __aeabi_d2iz
                0x08000b98                __fixdfsi
 .text          0x08000be8       0x30 C:/ST/STM32CubeIDE_1.19.0/STM32CubeIDE/plugins/com.st.stm32cube.ide.mcu.externaltools.gnu-tools-for-stm32.13.3.rel1.win32_1.0.0.202411081344/tools/bin/../lib/gcc/arm-none-eabi/13.3.1/thumb/v7e-m+fp/hard\libgcc.a(_aeabi_uldivmod.o)
                0x08000be8                __aeabi_uldivmod
 .text          0x08000c18      0x2f8 C:/ST/STM32CubeIDE_1.19.0/STM32CubeIDE/plugins/com.st.stm32cube.ide.mcu.externaltools.gnu-tools-for-stm32.13.3.rel1.win32_1.0.0.202411081344/tools/bin/../lib/gcc/arm-none-eabi/13.3.1/thumb/v7e-m+fp/hard\libgcc.a(_udivmoddi4.o)
                0x08000c18                __udivmoddi4
 .text          0x08000f10        0x4 C:/ST/STM32CubeIDE_1.19.0/STM32CubeIDE/plugins/com.st.stm32cube.ide.mcu.externaltools.gnu-tools-for-stm32.13.3.rel1.win32_1.0.0.202411081344/tools/bin/../lib/gcc/arm-none-eabi/13.3.1/thumb/v7e-m+fp/hard\libgcc.a(_dvmd_tls.o)
                0x08000f10                __aeabi_idiv0
                0x08000f10                __aeabi_ldiv0
 *(.text*)
 .text.vApplicationGetIdleTaskMemory
                0x08000f14       0x34 ./Core/Src/freertos.o
                0x08000f14                vApplicationGetIdleTaskMemory
 .text.main     0x08000f48      0x3e4 ./Core/Src/main.o
                0x08000f48                main
 .text.SystemClock_Config
                0x0800132c       0xc8 ./Core/Src/main.o
                0x0800132c                SystemClock_Config
 .text.PeriphCommonClock_Config
                0x080013f4       0x5e ./Core/Src/main.o
                0x080013f4                PeriphCommonClock_Config
 *fill*         0x08001452        0x2 
 .text.MX_ADC1_Init
                0x08001454      0x10c ./Core/Src/main.o
 .text.MX_LPUART1_UART_Init
                0x08001560       0x58 ./Core/Src/main.o
 .text.MX_RTC_Init
                0x080015b8       0xb8 ./Core/Src/main.o
 .text.MX_SPI1_Init
                0x08001670       0x7c ./Core/Src/main.o
 .text.MX_SPI3_Init
                0x080016ec       0x74 ./Core/Src/main.o
 .text.MX_USB_OTG_FS_PCD_Init
                0x08001760       0x5c ./Core/Src/main.o
 .text.MX_DMA_Init
                0x080017bc       0x6c ./Core/Src/main.o
 .text.MX_GPIO_Init
                0x08001828      0x174 ./Core/Src/main.o
 .text.get_base_path_from_cmd
                0x0800199c      0x120 ./Core/Src/main.o
 .text.get_sd_state_from_cmd
                0x08001abc      0x120 ./Core/Src/main.o
 .text.is_sd_cmd
                0x08001bdc       0x26 ./Core/Src/main.o
 *fill*         0x08001c02        0x2 
 .text.handle_read_sd
                0x08001c04      0x2e0 ./Core/Src/main.o
 .text.handle_write_sd
                0x08001ee4      0x3f4 ./Core/Src/main.o
 .text.handle_list_file
                0x080022d8      0x250 ./Core/Src/main.o
 .text.handle_delete_file
                0x08002528      0x264 ./Core/Src/main.o
                0x08002528                handle_delete_file
 .text.handle_edit_file
                0x0800278c      0x370 ./Core/Src/main.o
 .text.Flash_Write_Config
                0x08002afc       0xe8 ./Core/Src/main.o
                0x08002afc                Flash_Write_Config
 .text.Flash_Read_Config
                0x08002be4       0x48 ./Core/Src/main.o
                0x08002be4                Flash_Read_Config
 .text.Flash_Is_Config_Valid
                0x08002c2c       0x90 ./Core/Src/main.o
                0x08002c2c                Flash_Is_Config_Valid
 .text.led3_blink
                0x08002cbc       0x5c ./Core/Src/main.o
 .text.read_internal_temperature
                0x08002d18       0x9c ./Core/Src/main.o
 .text.write_obc_file_via_handler
                0x08002db4      0x13c ./Core/Src/main.o
 .text.circular_cleanup_path
                0x08002ef0      0x304 ./Core/Src/main.o
 .text.get_next_obc_index
                0x080031f4      0x140 ./Core/Src/main.o
 .text.integrity_check_path
                0x08003334      0x364 ./Core/Src/main.o
 .text.write_payload_file_via_handler
                0x08003698      0x13c ./Core/Src/main.o
 .text.get_next_payload_index
                0x080037d4      0x140 ./Core/Src/main.o
 .text.StartDefaultTask
                0x08003914       0x20 ./Core/Src/main.o
                0x08003914                StartDefaultTask
 .text.HAL_UART_RxCpltCallback
                0x08003934       0x50 ./Core/Src/main.o
                0x08003934                HAL_UART_RxCpltCallback
 .text.uart_rx_task
                0x08003984      0x25c ./Core/Src/main.o
                0x08003984                uart_rx_task
 .text.HAL_UART_TxCpltCallback
                0x08003be0       0x30 ./Core/Src/main.o
                0x08003be0                HAL_UART_TxCpltCallback
 .text.uart_tx_task
                0x08003c10       0xa4 ./Core/Src/main.o
                0x08003c10                uart_tx_task
 .text.disp_task
                0x08003cb4       0x98 ./Core/Src/main.o
                0x08003cb4                disp_task
 .text.sd_task  0x08003d4c      0x38c ./Core/Src/main.o
                0x08003d4c                sd_task
 .text.flash_task
                0x080040d8      0x1b4 ./Core/Src/main.o
                0x080040d8                flash_task
 .text.circular_task
                0x0800428c       0x98 ./Core/Src/main.o
                0x0800428c                circular_task
 .text.file_integrity_check
                0x08004324       0x7c ./Core/Src/main.o
                0x08004324                file_integrity_check
 .text.obc_log_file
                0x080043a0      0x1a8 ./Core/Src/main.o
                0x080043a0                obc_log_file
 .text.HAL_SPI_RxCpltCallback
                0x08004548       0x30 ./Core/Src/main.o
                0x08004548                HAL_SPI_RxCpltCallback
 .text.spi_rx_task
                0x08004578       0x80 ./Core/Src/main.o
                0x08004578                spi_rx_task
 .text.payload_log_file
                0x080045f8      0x204 ./Core/Src/main.o
                0x080045f8                payload_log_file
 .text.Error_Handler
                0x080047fc        0xc ./Core/Src/main.o
                0x080047fc                Error_Handler
 .text.HAL_MspInit
                0x08004808       0x50 ./Core/Src/stm32l4xx_hal_msp.o
                0x08004808                HAL_MspInit
 .text.HAL_ADC_MspInit
                0x08004858       0x40 ./Core/Src/stm32l4xx_hal_msp.o
                0x08004858                HAL_ADC_MspInit
 .text.HAL_UART_MspInit
                0x08004898      0x178 ./Core/Src/stm32l4xx_hal_msp.o
                0x08004898                HAL_UART_MspInit
 .text.HAL_RTC_MspInit
                0x08004a10       0x64 ./Core/Src/stm32l4xx_hal_msp.o
                0x08004a10                HAL_RTC_MspInit
 .text.HAL_SPI_MspInit
                0x08004a74      0x1dc ./Core/Src/stm32l4xx_hal_msp.o
                0x08004a74                HAL_SPI_MspInit
 .text.HAL_PCD_MspInit
                0x08004c50       0xd8 ./Core/Src/stm32l4xx_hal_msp.o
                0x08004c50                HAL_PCD_MspInit
 .text.NMI_Handler
                0x08004d28        0x8 ./Core/Src/stm32l4xx_it.o
                0x08004d28                NMI_Handler
 .text.HardFault_Handler
                0x08004d30        0x8 ./Core/Src/stm32l4xx_it.o
                0x08004d30                HardFault_Handler
 .text.MemManage_Handler
                0x08004d38        0x8 ./Core/Src/stm32l4xx_it.o
                0x08004d38                MemManage_Handler
 .text.BusFault_Handler
                0x08004d40        0x8 ./Core/Src/stm32l4xx_it.o
                0x08004d40                BusFault_Handler
 .text.UsageFault_Handler
                0x08004d48        0x8 ./Core/Src/stm32l4xx_it.o
                0x08004d48                UsageFault_Handler
 .text.DebugMon_Handler
                0x08004d50        0xe ./Core/Src/stm32l4xx_it.o
                0x08004d50                DebugMon_Handler
 .text.SysTick_Handler
                0x08004d5e       0x1a ./Core/Src/stm32l4xx_it.o
                0x08004d5e                SysTick_Handler
 .text.DMA2_Channel1_IRQHandler
                0x08004d78       0x14 ./Core/Src/stm32l4xx_it.o
                0x08004d78                DMA2_Channel1_IRQHandler
 .text.DMA2_Channel2_IRQHandler
                0x08004d8c       0x14 ./Core/Src/stm32l4xx_it.o
                0x08004d8c                DMA2_Channel2_IRQHandler
 .text.DMA2_Channel6_IRQHandler
                0x08004da0       0x14 ./Core/Src/stm32l4xx_it.o
                0x08004da0                DMA2_Channel6_IRQHandler
 .text.DMA2_Channel7_IRQHandler
                0x08004db4       0x14 ./Core/Src/stm32l4xx_it.o
                0x08004db4                DMA2_Channel7_IRQHandler
 .text.crc32    0x08004dc8       0x50 ./Core/Src/stm_crc32.o
                0x08004dc8                crc32
 .text._getpid  0x08004e18       0x10 ./Core/Src/syscalls.o
                0x08004e18                _getpid
 .text._kill    0x08004e28       0x20 ./Core/Src/syscalls.o
                0x08004e28                _kill
 .text._exit    0x08004e48       0x16 ./Core/Src/syscalls.o
                0x08004e48                _exit
 .text._read    0x08004e5e       0x3a ./Core/Src/syscalls.o
                0x08004e5e                _read
 .text._write   0x08004e98       0x38 ./Core/Src/syscalls.o
                0x08004e98                _write
 .text._close   0x08004ed0       0x18 ./Core/Src/syscalls.o
                0x08004ed0                _close
 .text._fstat   0x08004ee8       0x20 ./Core/Src/syscalls.o
                0x08004ee8                _fstat
 .text._isatty  0x08004f08       0x16 ./Core/Src/syscalls.o
                0x08004f08                _isatty
 .text._lseek   0x08004f1e       0x1a ./Core/Src/syscalls.o
                0x08004f1e                _lseek
 .text._sbrk    0x08004f38       0x6c ./Core/Src/sysmem.o
                0x08004f38                _sbrk
 .text.SystemInit
                0x08004fa4       0x24 ./Core/Src/system_stm32l4xx.o
                0x08004fa4                SystemInit
 .text.Reset_Handler
                0x08004fc8       0x50 ./Core/Startup/startup_stm32l496zgtx.o
                0x08004fc8                Reset_Handler
 .text.Default_Handler
                0x08005018        0x2 ./Core/Startup/startup_stm32l496zgtx.o
                0x08005018                RTC_Alarm_IRQHandler
                0x08005018                EXTI2_IRQHandler
                0x08005018                TIM8_TRG_COM_IRQHandler
                0x08005018                TIM8_CC_IRQHandler
                0x08005018                TIM1_CC_IRQHandler
                0x08005018                TSC_IRQHandler
                0x08005018                TAMP_STAMP_IRQHandler
                0x08005018                CAN2_RX1_IRQHandler
                0x08005018                EXTI3_IRQHandler
                0x08005018                LPTIM2_IRQHandler
                0x08005018                DFSDM1_FLT1_IRQHandler
                0x08005018                I2C3_ER_IRQHandler
                0x08005018                DFSDM1_FLT2_IRQHandler
                0x08005018                EXTI0_IRQHandler
                0x08005018                I2C2_EV_IRQHandler
                0x08005018                CAN1_RX0_IRQHandler
                0x08005018                FPU_IRQHandler
                0x08005018                TIM1_UP_TIM16_IRQHandler
                0x08005018                CAN2_SCE_IRQHandler
                0x08005018                ADC1_2_IRQHandler
                0x08005018                SPI1_IRQHandler
                0x08005018                TIM6_DAC_IRQHandler
                0x08005018                DCMI_IRQHandler
                0x08005018                CAN2_RX0_IRQHandler
                0x08005018                TIM8_UP_IRQHandler
                0x08005018                DMA1_Channel4_IRQHandler
                0x08005018                SAI2_IRQHandler
                0x08005018                DFSDM1_FLT3_IRQHandler
                0x08005018                USART3_IRQHandler
                0x08005018                DMA1_Channel7_IRQHandler
                0x08005018                CAN1_RX1_IRQHandler
                0x08005018                LCD_IRQHandler
                0x08005018                UART5_IRQHandler
                0x08005018                ADC3_IRQHandler
                0x08005018                TIM4_IRQHandler
                0x08005018                QUADSPI_IRQHandler
                0x08005018                I2C1_EV_IRQHandler
                0x08005018                DMA1_Channel6_IRQHandler
                0x08005018                UART4_IRQHandler
                0x08005018                DMA2_Channel4_IRQHandler
                0x08005018                TIM3_IRQHandler
                0x08005018                RCC_IRQHandler
                0x08005018                DMA1_Channel1_IRQHandler
                0x08005018                Default_Handler
                0x08005018                EXTI15_10_IRQHandler
                0x08005018                TIM7_IRQHandler
                0x08005018                SDMMC1_IRQHandler
                0x08005018                CAN2_TX_IRQHandler
                0x08005018                TIM5_IRQHandler
                0x08005018                I2C3_EV_IRQHandler
                0x08005018                EXTI9_5_IRQHandler
                0x08005018                RTC_WKUP_IRQHandler
                0x08005018                PVD_PVM_IRQHandler
                0x08005018                SPI2_IRQHandler
                0x08005018                CAN1_TX_IRQHandler
                0x08005018                DMA2_Channel5_IRQHandler
                0x08005018                CRS_IRQHandler
                0x08005018                DMA1_Channel5_IRQHandler
                0x08005018                EXTI4_IRQHandler
                0x08005018                RNG_IRQHandler
                0x08005018                TIM1_TRG_COM_TIM17_IRQHandler
                0x08005018                DMA1_Channel3_IRQHandler
                0x08005018                COMP_IRQHandler
                0x08005018                WWDG_IRQHandler
                0x08005018                I2C4_EV_IRQHandler
                0x08005018                LPUART1_IRQHandler
                0x08005018                TIM2_IRQHandler
                0x08005018                EXTI1_IRQHandler
                0x08005018                USART2_IRQHandler
                0x08005018                DFSDM1_FLT0_IRQHandler
                0x08005018                I2C2_ER_IRQHandler
                0x08005018                DMA1_Channel2_IRQHandler
                0x08005018                TIM8_BRK_IRQHandler
                0x08005018                CAN1_SCE_IRQHandler
                0x08005018                FLASH_IRQHandler
                0x08005018                USART1_IRQHandler
                0x08005018                OTG_FS_IRQHandler
                0x08005018                SPI3_IRQHandler
                0x08005018                I2C1_ER_IRQHandler
                0x08005018                FMC_IRQHandler
                0x08005018                SWPMI1_IRQHandler
                0x08005018                LPTIM1_IRQHandler
                0x08005018                I2C4_ER_IRQHandler
                0x08005018                SAI1_IRQHandler
                0x08005018                DMA2_Channel3_IRQHandler
                0x08005018                TIM1_BRK_TIM15_IRQHandler
 .text.HAL_Init
                0x0800501a       0x30 ./Drivers/STM32L4xx_HAL_Driver/Src/stm32l4xx_hal.o
                0x0800501a                HAL_Init
 *fill*         0x0800504a        0x2 
 .text.HAL_InitTick
                0x0800504c       0x78 ./Drivers/STM32L4xx_HAL_Driver/Src/stm32l4xx_hal.o
                0x0800504c                HAL_InitTick
 .text.HAL_IncTick
                0x080050c4       0x28 ./Drivers/STM32L4xx_HAL_Driver/Src/stm32l4xx_hal.o
                0x080050c4                HAL_IncTick
 .text.HAL_GetTick
                0x080050ec       0x18 ./Drivers/STM32L4xx_HAL_Driver/Src/stm32l4xx_hal.o
                0x080050ec                HAL_GetTick
 .text.HAL_Delay
                0x08005104       0x48 ./Drivers/STM32L4xx_HAL_Driver/Src/stm32l4xx_hal.o
                0x08005104                HAL_Delay
 .text.LL_ADC_SetCommonClock
                0x0800514c       0x26 ./Drivers/STM32L4xx_HAL_Driver/Src/stm32l4xx_hal_adc.o
 .text.LL_ADC_SetCommonPathInternalCh
                0x08005172       0x26 ./Drivers/STM32L4xx_HAL_Driver/Src/stm32l4xx_hal_adc.o
 .text.LL_ADC_GetCommonPathInternalCh
                0x08005198       0x1c ./Drivers/STM32L4xx_HAL_Driver/Src/stm32l4xx_hal_adc.o
 .text.LL_ADC_SetOffset
                0x080051b4       0x48 ./Drivers/STM32L4xx_HAL_Driver/Src/stm32l4xx_hal_adc.o
 .text.LL_ADC_GetOffsetChannel
                0x080051fc       0x2c ./Drivers/STM32L4xx_HAL_Driver/Src/stm32l4xx_hal_adc.o
 .text.LL_ADC_SetOffsetState
                0x08005228       0x36 ./Drivers/STM32L4xx_HAL_Driver/Src/stm32l4xx_hal_adc.o
 .text.LL_ADC_SetSamplingTimeCommonConfig
                0x0800525e       0x26 ./Drivers/STM32L4xx_HAL_Driver/Src/stm32l4xx_hal_adc.o
 .text.LL_ADC_REG_IsTriggerSourceSWStart
                0x08005284       0x26 ./Drivers/STM32L4xx_HAL_Driver/Src/stm32l4xx_hal_adc.o
 .text.LL_ADC_REG_SetSequencerRanks
                0x080052aa       0x58 ./Drivers/STM32L4xx_HAL_Driver/Src/stm32l4xx_hal_adc.o
 .text.LL_ADC_SetChannelSamplingTime
                0x08005302       0x56 ./Drivers/STM32L4xx_HAL_Driver/Src/stm32l4xx_hal_adc.o
 .text.LL_ADC_SetChannelSingleDiff
                0x08005358       0x48 ./Drivers/STM32L4xx_HAL_Driver/Src/stm32l4xx_hal_adc.o
 .text.LL_ADC_GetMultimode
                0x080053a0       0x1c ./Drivers/STM32L4xx_HAL_Driver/Src/stm32l4xx_hal_adc.o
 .text.LL_ADC_GetMultiDMATransfer
                0x080053bc       0x1c ./Drivers/STM32L4xx_HAL_Driver/Src/stm32l4xx_hal_adc.o
 .text.LL_ADC_DisableDeepPowerDown
                0x080053d8       0x24 ./Drivers/STM32L4xx_HAL_Driver/Src/stm32l4xx_hal_adc.o
 .text.LL_ADC_IsDeepPowerDownEnabled
                0x080053fc       0x28 ./Drivers/STM32L4xx_HAL_Driver/Src/stm32l4xx_hal_adc.o
 .text.LL_ADC_EnableInternalRegulator
                0x08005424       0x28 ./Drivers/STM32L4xx_HAL_Driver/Src/stm32l4xx_hal_adc.o
 .text.LL_ADC_IsInternalRegulatorEnabled
                0x0800544c       0x28 ./Drivers/STM32L4xx_HAL_Driver/Src/stm32l4xx_hal_adc.o
 .text.LL_ADC_Enable
                0x08005474       0x28 ./Drivers/STM32L4xx_HAL_Driver/Src/stm32l4xx_hal_adc.o
 .text.LL_ADC_Disable
                0x0800549c       0x28 ./Drivers/STM32L4xx_HAL_Driver/Src/stm32l4xx_hal_adc.o
 .text.LL_ADC_IsEnabled
                0x080054c4       0x26 ./Drivers/STM32L4xx_HAL_Driver/Src/stm32l4xx_hal_adc.o
 .text.LL_ADC_IsDisableOngoing
                0x080054ea       0x26 ./Drivers/STM32L4xx_HAL_Driver/Src/stm32l4xx_hal_adc.o
 .text.LL_ADC_REG_StartConversion
                0x08005510       0x28 ./Drivers/STM32L4xx_HAL_Driver/Src/stm32l4xx_hal_adc.o
 .text.LL_ADC_REG_StopConversion
                0x08005538       0x28 ./Drivers/STM32L4xx_HAL_Driver/Src/stm32l4xx_hal_adc.o
 .text.LL_ADC_REG_IsConversionOngoing
                0x08005560       0x26 ./Drivers/STM32L4xx_HAL_Driver/Src/stm32l4xx_hal_adc.o
 .text.LL_ADC_INJ_StopConversion
                0x08005586       0x28 ./Drivers/STM32L4xx_HAL_Driver/Src/stm32l4xx_hal_adc.o
 .text.LL_ADC_INJ_IsConversionOngoing
                0x080055ae       0x26 ./Drivers/STM32L4xx_HAL_Driver/Src/stm32l4xx_hal_adc.o
 .text.HAL_ADC_Init
                0x080055d4      0x2a8 ./Drivers/STM32L4xx_HAL_Driver/Src/stm32l4xx_hal_adc.o
                0x080055d4                HAL_ADC_Init
 .text.HAL_ADC_Start
                0x0800587c      0x174 ./Drivers/STM32L4xx_HAL_Driver/Src/stm32l4xx_hal_adc.o
                0x0800587c                HAL_ADC_Start
 .text.HAL_ADC_Stop
                0x080059f0       0x66 ./Drivers/STM32L4xx_HAL_Driver/Src/stm32l4xx_hal_adc.o
                0x080059f0                HAL_ADC_Stop
 *fill*         0x08005a56        0x2 
 .text.HAL_ADC_PollForConversion
                0x08005a58      0x1b0 ./Drivers/STM32L4xx_HAL_Driver/Src/stm32l4xx_hal_adc.o
                0x08005a58                HAL_ADC_PollForConversion
 .text.HAL_ADC_GetValue
                0x08005c08       0x1a ./Drivers/STM32L4xx_HAL_Driver/Src/stm32l4xx_hal_adc.o
                0x08005c08                HAL_ADC_GetValue
 *fill*         0x08005c22        0x2 
 .text.HAL_ADC_ConfigChannel
                0x08005c24      0x818 ./Drivers/STM32L4xx_HAL_Driver/Src/stm32l4xx_hal_adc.o
                0x08005c24                HAL_ADC_ConfigChannel
 .text.ADC_ConversionStop
                0x0800643c      0x178 ./Drivers/STM32L4xx_HAL_Driver/Src/stm32l4xx_hal_adc.o
                0x0800643c                ADC_ConversionStop
 .text.ADC_Enable
                0x080065b4      0x10c ./Drivers/STM32L4xx_HAL_Driver/Src/stm32l4xx_hal_adc.o
                0x080065b4                ADC_Enable
 .text.ADC_Disable
                0x080066c0       0xbe ./Drivers/STM32L4xx_HAL_Driver/Src/stm32l4xx_hal_adc.o
                0x080066c0                ADC_Disable
 .text.LL_ADC_IsEnabled
                0x0800677e       0x26 ./Drivers/STM32L4xx_HAL_Driver/Src/stm32l4xx_hal_adc_ex.o
 .text.LL_ADC_REG_IsConversionOngoing
                0x080067a4       0x26 ./Drivers/STM32L4xx_HAL_Driver/Src/stm32l4xx_hal_adc_ex.o
 *fill*         0x080067ca        0x2 
 .text.HAL_ADCEx_MultiModeConfigChannel
                0x080067cc      0x160 ./Drivers/STM32L4xx_HAL_Driver/Src/stm32l4xx_hal_adc_ex.o
                0x080067cc                HAL_ADCEx_MultiModeConfigChannel
 .text.__NVIC_SetPriorityGrouping
                0x0800692c       0x48 ./Drivers/STM32L4xx_HAL_Driver/Src/stm32l4xx_hal_cortex.o
 .text.__NVIC_GetPriorityGrouping
                0x08006974       0x1c ./Drivers/STM32L4xx_HAL_Driver/Src/stm32l4xx_hal_cortex.o
 .text.__NVIC_EnableIRQ
                0x08006990       0x3c ./Drivers/STM32L4xx_HAL_Driver/Src/stm32l4xx_hal_cortex.o
 .text.__NVIC_SetPriority
                0x080069cc       0x54 ./Drivers/STM32L4xx_HAL_Driver/Src/stm32l4xx_hal_cortex.o
 .text.NVIC_EncodePriority
                0x08006a20       0x66 ./Drivers/STM32L4xx_HAL_Driver/Src/stm32l4xx_hal_cortex.o
 *fill*         0x08006a86        0x2 
 .text.SysTick_Config
                0x08006a88       0x44 ./Drivers/STM32L4xx_HAL_Driver/Src/stm32l4xx_hal_cortex.o
 .text.HAL_NVIC_SetPriorityGrouping
                0x08006acc       0x16 ./Drivers/STM32L4xx_HAL_Driver/Src/stm32l4xx_hal_cortex.o
                0x08006acc                HAL_NVIC_SetPriorityGrouping
 .text.HAL_NVIC_SetPriority
                0x08006ae2       0x38 ./Drivers/STM32L4xx_HAL_Driver/Src/stm32l4xx_hal_cortex.o
                0x08006ae2                HAL_NVIC_SetPriority
 .text.HAL_NVIC_EnableIRQ
                0x08006b1a       0x1c ./Drivers/STM32L4xx_HAL_Driver/Src/stm32l4xx_hal_cortex.o
                0x08006b1a                HAL_NVIC_EnableIRQ
 .text.HAL_SYSTICK_Config
                0x08006b36       0x18 ./Drivers/STM32L4xx_HAL_Driver/Src/stm32l4xx_hal_cortex.o
                0x08006b36                HAL_SYSTICK_Config
 *fill*         0x08006b4e        0x2 
 .text.HAL_DMA_Init
                0x08006b50      0x170 ./Drivers/STM32L4xx_HAL_Driver/Src/stm32l4xx_hal_dma.o
                0x08006b50                HAL_DMA_Init
 .text.HAL_DMA_Start_IT
                0x08006cc0       0xc6 ./Drivers/STM32L4xx_HAL_Driver/Src/stm32l4xx_hal_dma.o
                0x08006cc0                HAL_DMA_Start_IT
 .text.HAL_DMA_Abort
                0x08006d86       0x82 ./Drivers/STM32L4xx_HAL_Driver/Src/stm32l4xx_hal_dma.o
                0x08006d86                HAL_DMA_Abort
 .text.HAL_DMA_IRQHandler
                0x08006e08      0x18c ./Drivers/STM32L4xx_HAL_Driver/Src/stm32l4xx_hal_dma.o
                0x08006e08                HAL_DMA_IRQHandler
 .text.HAL_DMA_GetError
                0x08006f94       0x18 ./Drivers/STM32L4xx_HAL_Driver/Src/stm32l4xx_hal_dma.o
                0x08006f94                HAL_DMA_GetError
 .text.DMA_SetConfig
                0x08006fac       0x60 ./Drivers/STM32L4xx_HAL_Driver/Src/stm32l4xx_hal_dma.o
 .text.HAL_FLASH_Program
                0x0800700c       0xd8 ./Drivers/STM32L4xx_HAL_Driver/Src/stm32l4xx_hal_flash.o
                0x0800700c                HAL_FLASH_Program
 .text.HAL_FLASH_Unlock
                0x080070e4       0x44 ./Drivers/STM32L4xx_HAL_Driver/Src/stm32l4xx_hal_flash.o
                0x080070e4                HAL_FLASH_Unlock
 .text.HAL_FLASH_Lock
                0x08007128       0x20 ./Drivers/STM32L4xx_HAL_Driver/Src/stm32l4xx_hal_flash.o
                0x08007128                HAL_FLASH_Lock
 .text.FLASH_WaitForLastOperation
                0x08007148       0xac ./Drivers/STM32L4xx_HAL_Driver/Src/stm32l4xx_hal_flash.o
                0x08007148                FLASH_WaitForLastOperation
 .text.FLASH_Program_DoubleWord
                0x080071f4       0x4c ./Drivers/STM32L4xx_HAL_Driver/Src/stm32l4xx_hal_flash.o
 .text.FLASH_Program_Fast
                0x08007240       0x6c ./Drivers/STM32L4xx_HAL_Driver/Src/stm32l4xx_hal_flash.o
 .text.HAL_FLASHEx_Erase
                0x080072ac      0x138 ./Drivers/STM32L4xx_HAL_Driver/Src/stm32l4xx_hal_flash_ex.o
                0x080072ac                HAL_FLASHEx_Erase
 .text.FLASH_MassErase
                0x080073e4       0x50 ./Drivers/STM32L4xx_HAL_Driver/Src/stm32l4xx_hal_flash_ex.o
 .text.FLASH_PageErase
                0x08007434       0x6c ./Drivers/STM32L4xx_HAL_Driver/Src/stm32l4xx_hal_flash_ex.o
                0x08007434                FLASH_PageErase
 .text.FLASH_FlushCaches
                0x080074a0       0x94 ./Drivers/STM32L4xx_HAL_Driver/Src/stm32l4xx_hal_flash_ex.o
                0x080074a0                FLASH_FlushCaches
 .text.HAL_GPIO_Init
                0x08007534      0x324 ./Drivers/STM32L4xx_HAL_Driver/Src/stm32l4xx_hal_gpio.o
                0x08007534                HAL_GPIO_Init
 .text.HAL_GPIO_WritePin
                0x08007858       0x30 ./Drivers/STM32L4xx_HAL_Driver/Src/stm32l4xx_hal_gpio.o
                0x08007858                HAL_GPIO_WritePin
 .text.HAL_GPIO_TogglePin
                0x08007888       0x34 ./Drivers/STM32L4xx_HAL_Driver/Src/stm32l4xx_hal_gpio.o
                0x08007888                HAL_GPIO_TogglePin
 .text.HAL_PCD_Init
                0x080078bc      0x21e ./Drivers/STM32L4xx_HAL_Driver/Src/stm32l4xx_hal_pcd.o
                0x080078bc                HAL_PCD_Init
 .text.HAL_PCDEx_ActivateLPM
                0x08007ada       0x48 ./Drivers/STM32L4xx_HAL_Driver/Src/stm32l4xx_hal_pcd_ex.o
                0x08007ada                HAL_PCDEx_ActivateLPM
 *fill*         0x08007b22        0x2 
 .text.HAL_PWR_EnableBkUpAccess
                0x08007b24       0x20 ./Drivers/STM32L4xx_HAL_Driver/Src/stm32l4xx_hal_pwr.o
                0x08007b24                HAL_PWR_EnableBkUpAccess
 .text.HAL_PWREx_GetVoltageRange
                0x08007b44       0x1c ./Drivers/STM32L4xx_HAL_Driver/Src/stm32l4xx_hal_pwr_ex.o
                0x08007b44                HAL_PWREx_GetVoltageRange
 .text.HAL_PWREx_ControlVoltageScaling
                0x08007b60       0xac ./Drivers/STM32L4xx_HAL_Driver/Src/stm32l4xx_hal_pwr_ex.o
                0x08007b60                HAL_PWREx_ControlVoltageScaling
 .text.HAL_PWREx_EnableVddUSB
                0x08007c0c       0x20 ./Drivers/STM32L4xx_HAL_Driver/Src/stm32l4xx_hal_pwr_ex.o
                0x08007c0c                HAL_PWREx_EnableVddUSB
 .text.HAL_PWREx_EnableVddIO2
                0x08007c2c       0x20 ./Drivers/STM32L4xx_HAL_Driver/Src/stm32l4xx_hal_pwr_ex.o
                0x08007c2c                HAL_PWREx_EnableVddIO2
 .text.HAL_RCC_OscConfig
                0x08007c4c      0x834 ./Drivers/STM32L4xx_HAL_Driver/Src/stm32l4xx_hal_rcc.o
                0x08007c4c                HAL_RCC_OscConfig
 .text.HAL_RCC_ClockConfig
                0x08008480      0x200 ./Drivers/STM32L4xx_HAL_Driver/Src/stm32l4xx_hal_rcc.o
                0x08008480                HAL_RCC_ClockConfig
 .text.HAL_RCC_GetSysClockFreq
                0x08008680      0x118 ./Drivers/STM32L4xx_HAL_Driver/Src/stm32l4xx_hal_rcc.o
                0x08008680                HAL_RCC_GetSysClockFreq
 .text.HAL_RCC_GetHCLKFreq
                0x08008798       0x18 ./Drivers/STM32L4xx_HAL_Driver/Src/stm32l4xx_hal_rcc.o
                0x08008798                HAL_RCC_GetHCLKFreq
 .text.HAL_RCC_GetPCLK1Freq
                0x080087b0       0x2c ./Drivers/STM32L4xx_HAL_Driver/Src/stm32l4xx_hal_rcc.o
                0x080087b0                HAL_RCC_GetPCLK1Freq
 .text.HAL_RCC_GetPCLK2Freq
                0x080087dc       0x2c ./Drivers/STM32L4xx_HAL_Driver/Src/stm32l4xx_hal_rcc.o
                0x080087dc                HAL_RCC_GetPCLK2Freq
 .text.RCC_SetFlashLatencyFromMSIRange
                0x08008808       0xc0 ./Drivers/STM32L4xx_HAL_Driver/Src/stm32l4xx_hal_rcc.o
 .text.HAL_RCCEx_PeriphCLKConfig
                0x080088c8      0x5f8 ./Drivers/STM32L4xx_HAL_Driver/Src/stm32l4xx_hal_rcc_ex.o
                0x080088c8                HAL_RCCEx_PeriphCLKConfig
 .text.HAL_RCCEx_EnableMSIPLLMode
                0x08008ec0       0x20 ./Drivers/STM32L4xx_HAL_Driver/Src/stm32l4xx_hal_rcc_ex.o
                0x08008ec0                HAL_RCCEx_EnableMSIPLLMode
 .text.RCCEx_PLLSAI1_Config
                0x08008ee0      0x1e4 ./Drivers/STM32L4xx_HAL_Driver/Src/stm32l4xx_hal_rcc_ex.o
 .text.RCCEx_PLLSAI2_Config
                0x080090c4      0x1b8 ./Drivers/STM32L4xx_HAL_Driver/Src/stm32l4xx_hal_rcc_ex.o
 .text.HAL_RTC_Init
                0x0800927c      0x110 ./Drivers/STM32L4xx_HAL_Driver/Src/stm32l4xx_hal_rtc.o
                0x0800927c                HAL_RTC_Init
 .text.HAL_RTC_SetTime
                0x0800938c      0x13a ./Drivers/STM32L4xx_HAL_Driver/Src/stm32l4xx_hal_rtc.o
                0x0800938c                HAL_RTC_SetTime
 .text.HAL_RTC_GetTime
                0x080094c6       0xb8 ./Drivers/STM32L4xx_HAL_Driver/Src/stm32l4xx_hal_rtc.o
                0x080094c6                HAL_RTC_GetTime
 .text.HAL_RTC_SetDate
                0x0800957e      0x10e ./Drivers/STM32L4xx_HAL_Driver/Src/stm32l4xx_hal_rtc.o
                0x0800957e                HAL_RTC_SetDate
 .text.HAL_RTC_GetDate
                0x0800968c       0x9a ./Drivers/STM32L4xx_HAL_Driver/Src/stm32l4xx_hal_rtc.o
                0x0800968c                HAL_RTC_GetDate
 *fill*         0x08009726        0x2 
 .text.HAL_RTC_WaitForSynchro
                0x08009728       0x48 ./Drivers/STM32L4xx_HAL_Driver/Src/stm32l4xx_hal_rtc.o
                0x08009728                HAL_RTC_WaitForSynchro
 .text.RTC_EnterInitMode
                0x08009770       0x66 ./Drivers/STM32L4xx_HAL_Driver/Src/stm32l4xx_hal_rtc.o
                0x08009770                RTC_EnterInitMode
 *fill*         0x080097d6        0x2 
 .text.RTC_ExitInitMode
                0x080097d8       0x7c ./Drivers/STM32L4xx_HAL_Driver/Src/stm32l4xx_hal_rtc.o
                0x080097d8                RTC_ExitInitMode
 .text.RTC_ByteToBcd2
                0x08009854       0x40 ./Drivers/STM32L4xx_HAL_Driver/Src/stm32l4xx_hal_rtc.o
                0x08009854                RTC_ByteToBcd2
 .text.RTC_Bcd2ToByte
                0x08009894       0x34 ./Drivers/STM32L4xx_HAL_Driver/Src/stm32l4xx_hal_rtc.o
                0x08009894                RTC_Bcd2ToByte
 .text.HAL_SPI_Init
                0x080098c8      0x146 ./Drivers/STM32L4xx_HAL_Driver/Src/stm32l4xx_hal_spi.o
                0x080098c8                HAL_SPI_Init
 .text.HAL_SPI_Transmit
                0x08009a0e      0x2ec ./Drivers/STM32L4xx_HAL_Driver/Src/stm32l4xx_hal_spi.o
                0x08009a0e                HAL_SPI_Transmit
 .text.HAL_SPI_TransmitReceive
                0x08009cfa      0x43e ./Drivers/STM32L4xx_HAL_Driver/Src/stm32l4xx_hal_spi.o
                0x08009cfa                HAL_SPI_TransmitReceive
 .text.HAL_SPI_Receive_DMA
                0x0800a138      0x240 ./Drivers/STM32L4xx_HAL_Driver/Src/stm32l4xx_hal_spi.o
                0x0800a138                HAL_SPI_Receive_DMA
 .text.HAL_SPI_TransmitReceive_DMA
                0x0800a378      0x30c ./Drivers/STM32L4xx_HAL_Driver/Src/stm32l4xx_hal_spi.o
                0x0800a378                HAL_SPI_TransmitReceive_DMA
 .text.HAL_SPI_TxRxCpltCallback
                0x0800a684       0x14 ./Drivers/STM32L4xx_HAL_Driver/Src/stm32l4xx_hal_spi.o
                0x0800a684                HAL_SPI_TxRxCpltCallback
 .text.HAL_SPI_RxHalfCpltCallback
                0x0800a698       0x14 ./Drivers/STM32L4xx_HAL_Driver/Src/stm32l4xx_hal_spi.o
                0x0800a698                HAL_SPI_RxHalfCpltCallback
 .text.HAL_SPI_TxRxHalfCpltCallback
                0x0800a6ac       0x14 ./Drivers/STM32L4xx_HAL_Driver/Src/stm32l4xx_hal_spi.o
                0x0800a6ac                HAL_SPI_TxRxHalfCpltCallback
 .text.HAL_SPI_ErrorCallback
                0x0800a6c0       0x14 ./Drivers/STM32L4xx_HAL_Driver/Src/stm32l4xx_hal_spi.o
                0x0800a6c0                HAL_SPI_ErrorCallback
 .text.SPI_DMAReceiveCplt
                0x0800a6d4       0xa8 ./Drivers/STM32L4xx_HAL_Driver/Src/stm32l4xx_hal_spi.o
 .text.SPI_DMATransmitReceiveCplt
                0x0800a77c       0x90 ./Drivers/STM32L4xx_HAL_Driver/Src/stm32l4xx_hal_spi.o
 .text.SPI_DMAHalfReceiveCplt
                0x0800a80c       0x1c ./Drivers/STM32L4xx_HAL_Driver/Src/stm32l4xx_hal_spi.o
 .text.SPI_DMAHalfTransmitReceiveCplt
                0x0800a828       0x1c ./Drivers/STM32L4xx_HAL_Driver/Src/stm32l4xx_hal_spi.o
 .text.SPI_DMAError
                0x0800a844       0x40 ./Drivers/STM32L4xx_HAL_Driver/Src/stm32l4xx_hal_spi.o
 .text.SPI_WaitFlagStateUntilTimeout
                0x0800a884      0x110 ./Drivers/STM32L4xx_HAL_Driver/Src/stm32l4xx_hal_spi.o
 .text.SPI_WaitFifoStateUntilTimeout
                0x0800a994      0x12c ./Drivers/STM32L4xx_HAL_Driver/Src/stm32l4xx_hal_spi.o
 .text.SPI_EndRxTransaction
                0x0800aac0       0xb0 ./Drivers/STM32L4xx_HAL_Driver/Src/stm32l4xx_hal_spi.o
 .text.SPI_EndRxTxTransaction
                0x0800ab70       0x8c ./Drivers/STM32L4xx_HAL_Driver/Src/stm32l4xx_hal_spi.o
 .text.HAL_UART_Init
                0x0800abfc       0x9c ./Drivers/STM32L4xx_HAL_Driver/Src/stm32l4xx_hal_uart.o
                0x0800abfc                HAL_UART_Init
 .text.HAL_UART_Transmit_DMA
                0x0800ac98       0xf8 ./Drivers/STM32L4xx_HAL_Driver/Src/stm32l4xx_hal_uart.o
                0x0800ac98                HAL_UART_Transmit_DMA
 .text.HAL_UART_Receive_DMA
                0x0800ad90       0x98 ./Drivers/STM32L4xx_HAL_Driver/Src/stm32l4xx_hal_uart.o
                0x0800ad90                HAL_UART_Receive_DMA
 .text.HAL_UART_AbortTransmit
                0x0800ae28       0xc8 ./Drivers/STM32L4xx_HAL_Driver/Src/stm32l4xx_hal_uart.o
                0x0800ae28                HAL_UART_AbortTransmit
 .text.HAL_UART_TxHalfCpltCallback
                0x0800aef0       0x14 ./Drivers/STM32L4xx_HAL_Driver/Src/stm32l4xx_hal_uart.o
                0x0800aef0                HAL_UART_TxHalfCpltCallback
 .text.HAL_UART_RxHalfCpltCallback
                0x0800af04       0x14 ./Drivers/STM32L4xx_HAL_Driver/Src/stm32l4xx_hal_uart.o
                0x0800af04                HAL_UART_RxHalfCpltCallback
 .text.HAL_UART_ErrorCallback
                0x0800af18       0x14 ./Drivers/STM32L4xx_HAL_Driver/Src/stm32l4xx_hal_uart.o
                0x0800af18                HAL_UART_ErrorCallback
 .text.HAL_UARTEx_RxEventCallback
                0x0800af2c       0x18 ./Drivers/STM32L4xx_HAL_Driver/Src/stm32l4xx_hal_uart.o
                0x0800af2c                HAL_UARTEx_RxEventCallback
 .text.UART_SetConfig
                0x0800af44      0x570 ./Drivers/STM32L4xx_HAL_Driver/Src/stm32l4xx_hal_uart.o
                0x0800af44                UART_SetConfig
 .text.UART_AdvFeatureConfig
                0x0800b4b4      0x144 ./Drivers/STM32L4xx_HAL_Driver/Src/stm32l4xx_hal_uart.o
                0x0800b4b4                UART_AdvFeatureConfig
 .text.UART_CheckIdleState
                0x0800b5f8      0x150 ./Drivers/STM32L4xx_HAL_Driver/Src/stm32l4xx_hal_uart.o
                0x0800b5f8                UART_CheckIdleState
 .text.UART_WaitOnFlagUntilTimeout
                0x0800b748       0xda ./Drivers/STM32L4xx_HAL_Driver/Src/stm32l4xx_hal_uart.o
                0x0800b748                UART_WaitOnFlagUntilTimeout
 *fill*         0x0800b822        0x2 
 .text.UART_Start_Receive_DMA
                0x0800b824      0x140 ./Drivers/STM32L4xx_HAL_Driver/Src/stm32l4xx_hal_uart.o
                0x0800b824                UART_Start_Receive_DMA
 .text.UART_EndTxTransfer
                0x0800b964       0x4c ./Drivers/STM32L4xx_HAL_Driver/Src/stm32l4xx_hal_uart.o
 .text.UART_EndRxTransfer
                0x0800b9b0       0xc8 ./Drivers/STM32L4xx_HAL_Driver/Src/stm32l4xx_hal_uart.o
 .text.UART_DMATransmitCplt
                0x0800ba78       0x92 ./Drivers/STM32L4xx_HAL_Driver/Src/stm32l4xx_hal_uart.o
 .text.UART_DMATxHalfCplt
                0x0800bb0a       0x1c ./Drivers/STM32L4xx_HAL_Driver/Src/stm32l4xx_hal_uart.o
 .text.UART_DMAReceiveCplt
                0x0800bb26      0x152 ./Drivers/STM32L4xx_HAL_Driver/Src/stm32l4xx_hal_uart.o
 .text.UART_DMARxHalfCplt
                0x0800bc78       0x72 ./Drivers/STM32L4xx_HAL_Driver/Src/stm32l4xx_hal_uart.o
 .text.UART_DMAError
                0x0800bcea       0x6e ./Drivers/STM32L4xx_HAL_Driver/Src/stm32l4xx_hal_uart.o
 .text.USB_CoreInit
                0x0800bd58       0x5a ./Drivers/STM32L4xx_HAL_Driver/Src/stm32l4xx_ll_usb.o
                0x0800bd58                USB_CoreInit
 .text.USB_DisableGlobalInt
                0x0800bdb2       0x22 ./Drivers/STM32L4xx_HAL_Driver/Src/stm32l4xx_ll_usb.o
                0x0800bdb2                USB_DisableGlobalInt
 .text.USB_SetCurrentMode
                0x0800bdd4       0x98 ./Drivers/STM32L4xx_HAL_Driver/Src/stm32l4xx_ll_usb.o
                0x0800bdd4                USB_SetCurrentMode
 .text.USB_DevInit
                0x0800be6c      0x290 ./Drivers/STM32L4xx_HAL_Driver/Src/stm32l4xx_ll_usb.o
                0x0800be6c                USB_DevInit
 .text.USB_FlushTxFifo
                0x0800c0fc       0x64 ./Drivers/STM32L4xx_HAL_Driver/Src/stm32l4xx_ll_usb.o
                0x0800c0fc                USB_FlushTxFifo
 .text.USB_FlushRxFifo
                0x0800c160       0x5c ./Drivers/STM32L4xx_HAL_Driver/Src/stm32l4xx_ll_usb.o
                0x0800c160                USB_FlushRxFifo
 .text.USB_SetDevSpeed
                0x0800c1bc       0x32 ./Drivers/STM32L4xx_HAL_Driver/Src/stm32l4xx_ll_usb.o
                0x0800c1bc                USB_SetDevSpeed
 .text.USB_DevDisconnect
                0x0800c1ee       0x42 ./Drivers/STM32L4xx_HAL_Driver/Src/stm32l4xx_ll_usb.o
                0x0800c1ee                USB_DevDisconnect
 .text.USB_GetMode
                0x0800c230       0x1c ./Drivers/STM32L4xx_HAL_Driver/Src/stm32l4xx_ll_usb.o
                0x0800c230                USB_GetMode
 .text.USB_CoreReset
                0x0800c24c       0x70 ./Drivers/STM32L4xx_HAL_Driver/Src/stm32l4xx_ll_usb.o
 .text.MX_FATFS_Init
                0x0800c2bc       0x24 ./FATFS/App/fatfs.o
                0x0800c2bc                MX_FATFS_Init
 .text.get_fattime
                0x0800c2e0       0x6c ./FATFS/App/fatfs.o
                0x0800c2e0                get_fattime
 .text.USER_initialize
                0x0800c34c       0x1c ./FATFS/Target/user_diskio.o
                0x0800c34c                USER_initialize
 .text.USER_status
                0x0800c368       0x1c ./FATFS/Target/user_diskio.o
                0x0800c368                USER_status
 .text.USER_read
                0x0800c384       0x26 ./FATFS/Target/user_diskio.o
                0x0800c384                USER_read
 .text.USER_write
                0x0800c3aa       0x26 ./FATFS/Target/user_diskio.o
                0x0800c3aa                USER_write
 .text.USER_ioctl
                0x0800c3d0       0x26 ./FATFS/Target/user_diskio.o
                0x0800c3d0                USER_ioctl
 *fill*         0x0800c3f6        0x2 
 .text.SPI_Timer_On
                0x0800c3f8       0x28 ./FATFS/Target/user_diskio_spi.o
                0x0800c3f8                SPI_Timer_On
 .text.SPI_Timer_Status
                0x0800c420       0x2c ./FATFS/Target/user_diskio_spi.o
                0x0800c420                SPI_Timer_Status
 .text.xchg_spi
                0x0800c44c       0x2c ./FATFS/Target/user_diskio_spi.o
 .text.rcvr_spi_multi
                0x0800c478       0x38 ./FATFS/Target/user_diskio_spi.o
 .text.xmit_spi_multi
                0x0800c4b0       0x28 ./FATFS/Target/user_diskio_spi.o
 .text.wait_ready
                0x0800c4d8       0x46 ./FATFS/Target/user_diskio_spi.o
 *fill*         0x0800c51e        0x2 
 .text.despiselect
                0x0800c520       0x20 ./FATFS/Target/user_diskio_spi.o
 .text.spiselect
                0x0800c540       0x38 ./FATFS/Target/user_diskio_spi.o
 .text.rcvr_datablock
                0x0800c578       0x52 ./FATFS/Target/user_diskio_spi.o
 .text.xmit_datablock
                0x0800c5ca       0x64 ./FATFS/Target/user_diskio_spi.o
 .text.send_cmd
                0x0800c62e       0xde ./FATFS/Target/user_diskio_spi.o
 .text.USER_SPI_initialize
                0x0800c70c      0x1d8 ./FATFS/Target/user_diskio_spi.o
                0x0800c70c                USER_SPI_initialize
 .text.USER_SPI_status
                0x0800c8e4       0x2c ./FATFS/Target/user_diskio_spi.o
                0x0800c8e4                USER_SPI_status
 .text.USER_SPI_read
                0x0800c910       0xcc ./FATFS/Target/user_diskio_spi.o
                0x0800c910                USER_SPI_read
 .text.USER_SPI_write
                0x0800c9dc       0xf8 ./FATFS/Target/user_diskio_spi.o
                0x0800c9dc                USER_SPI_write
 .text.USER_SPI_ioctl
                0x0800cad4      0x2e0 ./FATFS/Target/user_diskio_spi.o
                0x0800cad4                USER_SPI_ioctl
 .text.disk_status
                0x0800cdb4       0x34 ./Middlewares/Third_Party/FatFs/src/diskio.o
                0x0800cdb4                disk_status
 .text.disk_initialize
                0x0800cde8       0x4c ./Middlewares/Third_Party/FatFs/src/diskio.o
                0x0800cde8                disk_initialize
 .text.disk_read
                0x0800ce34       0x40 ./Middlewares/Third_Party/FatFs/src/diskio.o
                0x0800ce34                disk_read
 .text.disk_write
                0x0800ce74       0x40 ./Middlewares/Third_Party/FatFs/src/diskio.o
                0x0800ce74                disk_write
 .text.disk_ioctl
                0x0800ceb4       0x3c ./Middlewares/Third_Party/FatFs/src/diskio.o
                0x0800ceb4                disk_ioctl
 .text.ld_word  0x0800cef0       0x32 ./Middlewares/Third_Party/FatFs/src/ff.o
 .text.ld_dword
                0x0800cf22       0x46 ./Middlewares/Third_Party/FatFs/src/ff.o
 .text.st_word  0x0800cf68       0x36 ./Middlewares/Third_Party/FatFs/src/ff.o
 .text.st_dword
                0x0800cf9e       0x58 ./Middlewares/Third_Party/FatFs/src/ff.o
 .text.mem_cpy  0x0800cff6       0x42 ./Middlewares/Third_Party/FatFs/src/ff.o
 .text.mem_set  0x0800d038       0x36 ./Middlewares/Third_Party/FatFs/src/ff.o
 .text.mem_cmp  0x0800d06e       0x4e ./Middlewares/Third_Party/FatFs/src/ff.o
 .text.chk_chr  0x0800d0bc       0x36 ./Middlewares/Third_Party/FatFs/src/ff.o
 .text.lock_fs  0x0800d0f2       0x2c ./Middlewares/Third_Party/FatFs/src/ff.o
 .text.unlock_fs
                0x0800d11e       0x36 ./Middlewares/Third_Party/FatFs/src/ff.o
 .text.chk_lock
                0x0800d154       0xb8 ./Middlewares/Third_Party/FatFs/src/ff.o
 .text.enq_lock
                0x0800d20c       0x44 ./Middlewares/Third_Party/FatFs/src/ff.o
 .text.inc_lock
                0x0800d250      0x11c ./Middlewares/Third_Party/FatFs/src/ff.o
 .text.dec_lock
                0x0800d36c       0x78 ./Middlewares/Third_Party/FatFs/src/ff.o
 .text.clear_lock
                0x0800d3e4       0x48 ./Middlewares/Third_Party/FatFs/src/ff.o
 .text.sync_window
                0x0800d42c       0x88 ./Middlewares/Third_Party/FatFs/src/ff.o
 .text.move_window
                0x0800d4b4       0x5a ./Middlewares/Third_Party/FatFs/src/ff.o
 *fill*         0x0800d50e        0x2 
 .text.sync_fs  0x0800d510       0xdc ./Middlewares/Third_Party/FatFs/src/ff.o
 .text.clust2sect
                0x0800d5ec       0x3e ./Middlewares/Third_Party/FatFs/src/ff.o
 .text.get_fat  0x0800d62a      0x14e ./Middlewares/Third_Party/FatFs/src/ff.o
 .text.put_fat  0x0800d778      0x1d4 ./Middlewares/Third_Party/FatFs/src/ff.o
 .text.remove_chain
                0x0800d94c       0xca ./Middlewares/Third_Party/FatFs/src/ff.o
 .text.create_chain
                0x0800da16      0x130 ./Middlewares/Third_Party/FatFs/src/ff.o
 .text.clmt_clust
                0x0800db46       0x68 ./Middlewares/Third_Party/FatFs/src/ff.o
 .text.dir_sdi  0x0800dbae       0xf6 ./Middlewares/Third_Party/FatFs/src/ff.o
 .text.dir_next
                0x0800dca4      0x18a ./Middlewares/Third_Party/FatFs/src/ff.o
 .text.dir_alloc
                0x0800de2e       0x8e ./Middlewares/Third_Party/FatFs/src/ff.o
 .text.ld_clust
                0x0800debc       0x3e ./Middlewares/Third_Party/FatFs/src/ff.o
 .text.st_clust
                0x0800defa       0x40 ./Middlewares/Third_Party/FatFs/src/ff.o
 .text.dir_read
                0x0800df3a       0xba ./Middlewares/Third_Party/FatFs/src/ff.o
 .text.dir_find
                0x0800dff4       0xaa ./Middlewares/Third_Party/FatFs/src/ff.o
 .text.dir_register
                0x0800e09e       0x64 ./Middlewares/Third_Party/FatFs/src/ff.o
 .text.dir_remove
                0x0800e102       0x3c ./Middlewares/Third_Party/FatFs/src/ff.o
 .text.get_fileinfo
                0x0800e13e       0xc0 ./Middlewares/Third_Party/FatFs/src/ff.o
 *fill*         0x0800e1fe        0x2 
 .text.create_name
                0x0800e200      0x128 ./Middlewares/Third_Party/FatFs/src/ff.o
 .text.follow_path
                0x0800e328       0xe2 ./Middlewares/Third_Party/FatFs/src/ff.o
 .text.get_ldnumber
                0x0800e40a       0x88 ./Middlewares/Third_Party/FatFs/src/ff.o
 *fill*         0x0800e492        0x2 
 .text.check_fs
                0x0800e494       0xac ./Middlewares/Third_Party/FatFs/src/ff.o
 .text.find_volume
                0x0800e540      0x4a8 ./Middlewares/Third_Party/FatFs/src/ff.o
 .text.validate
                0x0800e9e8       0x8e ./Middlewares/Third_Party/FatFs/src/ff.o
 *fill*         0x0800ea76        0x2 
 .text.f_mount  0x0800ea78       0xc8 ./Middlewares/Third_Party/FatFs/src/ff.o
                0x0800ea78                f_mount
 .text.f_open   0x0800eb40      0x382 ./Middlewares/Third_Party/FatFs/src/ff.o
                0x0800eb40                f_open
 .text.f_read   0x0800eec2      0x2dc ./Middlewares/Third_Party/FatFs/src/ff.o
                0x0800eec2                f_read
 .text.f_write  0x0800f19e      0x348 ./Middlewares/Third_Party/FatFs/src/ff.o
                0x0800f19e                f_write
 .text.f_sync   0x0800f4e6      0x112 ./Middlewares/Third_Party/FatFs/src/ff.o
                0x0800f4e6                f_sync
 .text.f_close  0x0800f5f8       0x5e ./Middlewares/Third_Party/FatFs/src/ff.o
                0x0800f5f8                f_close
 .text.f_lseek  0x0800f656      0x4a6 ./Middlewares/Third_Party/FatFs/src/ff.o
                0x0800f656                f_lseek
 .text.f_opendir
                0x0800fafc       0xf2 ./Middlewares/Third_Party/FatFs/src/ff.o
                0x0800fafc                f_opendir
 .text.f_closedir
                0x0800fbee       0x56 ./Middlewares/Third_Party/FatFs/src/ff.o
                0x0800fbee                f_closedir
 .text.f_readdir
                0x0800fc44       0x86 ./Middlewares/Third_Party/FatFs/src/ff.o
                0x0800fc44                f_readdir
 .text.f_unlink
                0x0800fcca      0x164 ./Middlewares/Third_Party/FatFs/src/ff.o
                0x0800fcca                f_unlink
 .text.f_gets   0x0800fe2e       0x7c ./Middlewares/Third_Party/FatFs/src/ff.o
                0x0800fe2e                f_gets
 *fill*         0x0800feaa        0x2 
 .text.FATFS_LinkDriverEx
                0x0800feac       0x98 ./Middlewares/Third_Party/FatFs/src/ff_gen_drv.o
                0x0800feac                FATFS_LinkDriverEx
 .text.FATFS_LinkDriver
                0x0800ff44       0x1e ./Middlewares/Third_Party/FatFs/src/ff_gen_drv.o
                0x0800ff44                FATFS_LinkDriver
 .text.ff_cre_syncobj
                0x0800ff62       0x40 ./Middlewares/Third_Party/FatFs/src/option/syscall.o
                0x0800ff62                ff_cre_syncobj
 .text.ff_del_syncobj
                0x0800ffa2       0x18 ./Middlewares/Third_Party/FatFs/src/option/syscall.o
                0x0800ffa2                ff_del_syncobj
 .text.ff_req_grant
                0x0800ffba       0x2a ./Middlewares/Third_Party/FatFs/src/option/syscall.o
                0x0800ffba                ff_req_grant
 .text.ff_rel_grant
                0x0800ffe4       0x16 ./Middlewares/Third_Party/FatFs/src/option/syscall.o
                0x0800ffe4                ff_rel_grant
 .text.makeFreeRtosPriority
                0x0800fffa       0x30 ./Middlewares/Third_Party/FreeRTOS/Source/CMSIS_RTOS/cmsis_os.o
 .text.inHandlerMode
                0x0801002a       0x24 ./Middlewares/Third_Party/FreeRTOS/Source/CMSIS_RTOS/cmsis_os.o
 .text.osKernelStart
                0x0801004e        0xe ./Middlewares/Third_Party/FreeRTOS/Source/CMSIS_RTOS/cmsis_os.o
                0x0801004e                osKernelStart
 .text.osThreadCreate
                0x0801005c       0x98 ./Middlewares/Third_Party/FreeRTOS/Source/CMSIS_RTOS/cmsis_os.o
                0x0801005c                osThreadCreate
 .text.osDelay  0x080100f4       0x28 ./Middlewares/Third_Party/FreeRTOS/Source/CMSIS_RTOS/cmsis_os.o
                0x080100f4                osDelay
 .text.osSignalSet
                0x0801011c       0x80 ./Middlewares/Third_Party/FreeRTOS/Source/CMSIS_RTOS/cmsis_os.o
                0x0801011c                osSignalSet
 .text.osSignalWait
                0x0801019c       0x98 ./Middlewares/Third_Party/FreeRTOS/Source/CMSIS_RTOS/cmsis_os.o
                0x0801019c                osSignalWait
 .text.osSemaphoreCreate
                0x08010234       0x64 ./Middlewares/Third_Party/FreeRTOS/Source/CMSIS_RTOS/cmsis_os.o
                0x08010234                osSemaphoreCreate
 .text.osSemaphoreWait
                0x08010298       0x9c ./Middlewares/Third_Party/FreeRTOS/Source/CMSIS_RTOS/cmsis_os.o
                0x08010298                osSemaphoreWait
 .text.osSemaphoreRelease
                0x08010334       0x6c ./Middlewares/Third_Party/FreeRTOS/Source/CMSIS_RTOS/cmsis_os.o
                0x08010334                osSemaphoreRelease
 .text.osSemaphoreDelete
                0x080103a0       0x26 ./Middlewares/Third_Party/FreeRTOS/Source/CMSIS_RTOS/cmsis_os.o
                0x080103a0                osSemaphoreDelete
 .text.osPoolCreate
                0x080103c6       0xba ./Middlewares/Third_Party/FreeRTOS/Source/CMSIS_RTOS/cmsis_os.o
                0x080103c6                osPoolCreate
 .text.osPoolAlloc
                0x08010480       0xc4 ./Middlewares/Third_Party/FreeRTOS/Source/CMSIS_RTOS/cmsis_os.o
                0x08010480                osPoolAlloc
 .text.osPoolFree
                0x08010544       0x82 ./Middlewares/Third_Party/FreeRTOS/Source/CMSIS_RTOS/cmsis_os.o
                0x08010544                osPoolFree
 .text.osMessageCreate
                0x080105c6       0x50 ./Middlewares/Third_Party/FreeRTOS/Source/CMSIS_RTOS/cmsis_os.o
                0x080105c6                osMessageCreate
 *fill*         0x08010616        0x2 
 .text.osMessagePut
                0x08010618       0x80 ./Middlewares/Third_Party/FreeRTOS/Source/CMSIS_RTOS/cmsis_os.o
                0x08010618                osMessagePut
 .text.osMessageGet
                0x08010698       0xe8 ./Middlewares/Third_Party/FreeRTOS/Source/CMSIS_RTOS/cmsis_os.o
                0x08010698                osMessageGet
 .text.vListInitialise
                0x08010780       0x40 ./Middlewares/Third_Party/FreeRTOS/Source/list.o
                0x08010780                vListInitialise
 .text.vListInitialiseItem
                0x080107c0       0x1a ./Middlewares/Third_Party/FreeRTOS/Source/list.o
                0x080107c0                vListInitialiseItem
 .text.vListInsertEnd
                0x080107da       0x48 ./Middlewares/Third_Party/FreeRTOS/Source/list.o
                0x080107da                vListInsertEnd
 .text.vListInsert
                0x08010822       0x72 ./Middlewares/Third_Party/FreeRTOS/Source/list.o
                0x08010822                vListInsert
 .text.uxListRemove
                0x08010894       0x54 ./Middlewares/Third_Party/FreeRTOS/Source/list.o
                0x08010894                uxListRemove
 .text.xQueueGenericReset
                0x080108e8       0xd4 ./Middlewares/Third_Party/FreeRTOS/Source/queue.o
                0x080108e8                xQueueGenericReset
 .text.xQueueGenericCreateStatic
                0x080109bc       0xfa ./Middlewares/Third_Party/FreeRTOS/Source/queue.o
                0x080109bc                xQueueGenericCreateStatic
 .text.xQueueGenericCreate
                0x08010ab6       0x76 ./Middlewares/Third_Party/FreeRTOS/Source/queue.o
                0x08010ab6                xQueueGenericCreate
 .text.prvInitialiseNewQueue
                0x08010b2c       0x3e ./Middlewares/Third_Party/FreeRTOS/Source/queue.o
 *fill*         0x08010b6a        0x2 
 .text.xQueueGenericSend
                0x08010b6c      0x204 ./Middlewares/Third_Party/FreeRTOS/Source/queue.o
                0x08010b6c                xQueueGenericSend
 .text.xQueueGenericSendFromISR
                0x08010d70      0x13c ./Middlewares/Third_Party/FreeRTOS/Source/queue.o
                0x08010d70                xQueueGenericSendFromISR
 .text.xQueueGiveFromISR
                0x08010eac      0x120 ./Middlewares/Third_Party/FreeRTOS/Source/queue.o
                0x08010eac                xQueueGiveFromISR
 .text.xQueueReceive
                0x08010fcc      0x1c4 ./Middlewares/Third_Party/FreeRTOS/Source/queue.o
                0x08010fcc                xQueueReceive
 .text.xQueueSemaphoreTake
                0x08011190      0x220 ./Middlewares/Third_Party/FreeRTOS/Source/queue.o
                0x08011190                xQueueSemaphoreTake
 .text.xQueueReceiveFromISR
                0x080113b0      0x104 ./Middlewares/Third_Party/FreeRTOS/Source/queue.o
                0x080113b0                xQueueReceiveFromISR
 .text.vQueueDelete
                0x080114b4       0x48 ./Middlewares/Third_Party/FreeRTOS/Source/queue.o
                0x080114b4                vQueueDelete
 .text.prvGetDisinheritPriorityAfterTimeout
                0x080114fc       0x30 ./Middlewares/Third_Party/FreeRTOS/Source/queue.o
 .text.prvCopyDataToQueue
                0x0801152c       0xd4 ./Middlewares/Third_Party/FreeRTOS/Source/queue.o
 .text.prvCopyDataFromQueue
                0x08011600       0x4c ./Middlewares/Third_Party/FreeRTOS/Source/queue.o
 .text.prvUnlockQueue
                0x0801164c       0xa4 ./Middlewares/Third_Party/FreeRTOS/Source/queue.o
 .text.prvIsQueueEmpty
                0x080116f0       0x2c ./Middlewares/Third_Party/FreeRTOS/Source/queue.o
 .text.prvIsQueueFull
                0x0801171c       0x30 ./Middlewares/Third_Party/FreeRTOS/Source/queue.o
 .text.vQueueUnregisterQueue
                0x0801174c       0x54 ./Middlewares/Third_Party/FreeRTOS/Source/queue.o
                0x0801174c                vQueueUnregisterQueue
 .text.xTaskCreateStatic
                0x080117a0       0xc0 ./Middlewares/Third_Party/FreeRTOS/Source/tasks.o
                0x080117a0                xTaskCreateStatic
 .text.xTaskCreate
                0x08011860       0x8a ./Middlewares/Third_Party/FreeRTOS/Source/tasks.o
                0x08011860                xTaskCreate
 .text.prvInitialiseNewTask
                0x080118ea      0x110 ./Middlewares/Third_Party/FreeRTOS/Source/tasks.o
 *fill*         0x080119fa        0x2 
 .text.prvAddNewTaskToReadyList
                0x080119fc       0xd4 ./Middlewares/Third_Party/FreeRTOS/Source/tasks.o
 .text.vTaskDelay
                0x08011ad0       0x6c ./Middlewares/Third_Party/FreeRTOS/Source/tasks.o
                0x08011ad0                vTaskDelay
 .text.vTaskStartScheduler
                0x08011b3c       0xc4 ./Middlewares/Third_Party/FreeRTOS/Source/tasks.o
                0x08011b3c                vTaskStartScheduler
 .text.vTaskSuspendAll
                0x08011c00       0x1c ./Middlewares/Third_Party/FreeRTOS/Source/tasks.o
                0x08011c00                vTaskSuspendAll
 .text.xTaskResumeAll
                0x08011c1c      0x13c ./Middlewares/Third_Party/FreeRTOS/Source/tasks.o
                0x08011c1c                xTaskResumeAll
 .text.xTaskIncrementTick
                0x08011d58      0x174 ./Middlewares/Third_Party/FreeRTOS/Source/tasks.o
                0x08011d58                xTaskIncrementTick
 .text.vTaskSwitchContext
                0x08011ecc       0xb8 ./Middlewares/Third_Party/FreeRTOS/Source/tasks.o
                0x08011ecc                vTaskSwitchContext
 .text.vTaskPlaceOnEventList
                0x08011f84       0x4c ./Middlewares/Third_Party/FreeRTOS/Source/tasks.o
                0x08011f84                vTaskPlaceOnEventList
 .text.xTaskRemoveFromEventList
                0x08011fd0       0xc8 ./Middlewares/Third_Party/FreeRTOS/Source/tasks.o
                0x08011fd0                xTaskRemoveFromEventList
 .text.vTaskInternalSetTimeOutState
                0x08012098       0x2c ./Middlewares/Third_Party/FreeRTOS/Source/tasks.o
                0x08012098                vTaskInternalSetTimeOutState
 .text.xTaskCheckForTimeOut
                0x080120c4       0xc8 ./Middlewares/Third_Party/FreeRTOS/Source/tasks.o
                0x080120c4                xTaskCheckForTimeOut
 .text.vTaskMissedYield
                0x0801218c       0x18 ./Middlewares/Third_Party/FreeRTOS/Source/tasks.o
                0x0801218c                vTaskMissedYield
 .text.prvIdleTask
                0x080121a4       0x30 ./Middlewares/Third_Party/FreeRTOS/Source/tasks.o
 .text.prvInitialiseTaskLists
                0x080121d4       0x80 ./Middlewares/Third_Party/FreeRTOS/Source/tasks.o
 .text.prvCheckTasksWaitingTermination
                0x08012254       0x5c ./Middlewares/Third_Party/FreeRTOS/Source/tasks.o
 .text.prvDeleteTCB
                0x080122b0       0x60 ./Middlewares/Third_Party/FreeRTOS/Source/tasks.o
 .text.prvResetNextTaskUnblockTime
                0x08012310       0x40 ./Middlewares/Third_Party/FreeRTOS/Source/tasks.o
 .text.xTaskGetSchedulerState
                0x08012350       0x3c ./Middlewares/Third_Party/FreeRTOS/Source/tasks.o
                0x08012350                xTaskGetSchedulerState
 .text.xTaskPriorityInherit
                0x0801238c       0xec ./Middlewares/Third_Party/FreeRTOS/Source/tasks.o
                0x0801238c                xTaskPriorityInherit
 .text.xTaskPriorityDisinherit
                0x08012478      0x110 ./Middlewares/Third_Party/FreeRTOS/Source/tasks.o
                0x08012478                xTaskPriorityDisinherit
 .text.vTaskPriorityDisinheritAfterTimeout
                0x08012588      0x120 ./Middlewares/Third_Party/FreeRTOS/Source/tasks.o
                0x08012588                vTaskPriorityDisinheritAfterTimeout
 .text.pvTaskIncrementMutexHeldCount
                0x080126a8       0x28 ./Middlewares/Third_Party/FreeRTOS/Source/tasks.o
                0x080126a8                pvTaskIncrementMutexHeldCount
 .text.xTaskNotifyWait
                0x080126d0       0xb4 ./Middlewares/Third_Party/FreeRTOS/Source/tasks.o
                0x080126d0                xTaskNotifyWait
 .text.xTaskGenericNotify
                0x08012784      0x170 ./Middlewares/Third_Party/FreeRTOS/Source/tasks.o
                0x08012784                xTaskGenericNotify
 .text.xTaskGenericNotifyFromISR
                0x080128f4      0x1bc ./Middlewares/Third_Party/FreeRTOS/Source/tasks.o
                0x080128f4                xTaskGenericNotifyFromISR
 .text.prvAddCurrentTaskToDelayedList
                0x08012ab0       0xcc ./Middlewares/Third_Party/FreeRTOS/Source/tasks.o
 .text.pxPortInitialiseStack
                0x08012b7c       0x68 ./Middlewares/Third_Party/FreeRTOS/Source/portable/GCC/ARM_CM4F/port.o
                0x08012b7c                pxPortInitialiseStack
 .text.prvTaskExitError
                0x08012be4       0x5c ./Middlewares/Third_Party/FreeRTOS/Source/portable/GCC/ARM_CM4F/port.o
 .text.SVC_Handler
                0x08012c40       0x28 ./Middlewares/Third_Party/FreeRTOS/Source/portable/GCC/ARM_CM4F/port.o
                0x08012c40                SVC_Handler
 .text.prvPortStartFirstTask
                0x08012c68       0x28 ./Middlewares/Third_Party/FreeRTOS/Source/portable/GCC/ARM_CM4F/port.o
 .text.xPortStartScheduler
                0x08012c90      0x148 ./Middlewares/Third_Party/FreeRTOS/Source/portable/GCC/ARM_CM4F/port.o
                0x08012c90                xPortStartScheduler
 .text.vPortEnterCritical
                0x08012dd8       0x64 ./Middlewares/Third_Party/FreeRTOS/Source/portable/GCC/ARM_CM4F/port.o
                0x08012dd8                vPortEnterCritical
 .text.vPortExitCritical
                0x08012e3c       0x54 ./Middlewares/Third_Party/FreeRTOS/Source/portable/GCC/ARM_CM4F/port.o
                0x08012e3c                vPortExitCritical
 .text.PendSV_Handler
                0x08012e90       0x68 ./Middlewares/Third_Party/FreeRTOS/Source/portable/GCC/ARM_CM4F/port.o
                0x08012e90                PendSV_Handler
 .text.xPortSysTickHandler
                0x08012ef8       0x44 ./Middlewares/Third_Party/FreeRTOS/Source/portable/GCC/ARM_CM4F/port.o
                0x08012ef8                xPortSysTickHandler
 .text.vPortSetupTimerInterrupt
                0x08012f3c       0x48 ./Middlewares/Third_Party/FreeRTOS/Source/portable/GCC/ARM_CM4F/port.o
                0x08012f3c                vPortSetupTimerInterrupt
 .text.vPortEnableVFP
                0x08012f84       0x14 ./Middlewares/Third_Party/FreeRTOS/Source/portable/GCC/ARM_CM4F/port.o
 .text.vPortValidateInterruptPriority
                0x08012f98       0x84 ./Middlewares/Third_Party/FreeRTOS/Source/portable/GCC/ARM_CM4F/port.o
                0x08012f98                vPortValidateInterruptPriority
 .text.pvPortMalloc
                0x0801301c      0x19c ./Middlewares/Third_Party/FreeRTOS/Source/portable/MemMang/heap_4.o
                0x0801301c                pvPortMalloc
 .text.vPortFree
                0x080131b8       0xc8 ./Middlewares/Third_Party/FreeRTOS/Source/portable/MemMang/heap_4.o
                0x080131b8                vPortFree
 .text.prvHeapInit
                0x08013280       0xc8 ./Middlewares/Third_Party/FreeRTOS/Source/portable/MemMang/heap_4.o
 .text.prvInsertBlockIntoFreeList
                0x08013348       0xb4 ./Middlewares/Third_Party/FreeRTOS/Source/portable/MemMang/heap_4.o
 .text.__cvt    0x080133fc       0xca C:/ST/STM32CubeIDE_1.19.0/STM32CubeIDE/plugins/com.st.stm32cube.ide.mcu.externaltools.gnu-tools-for-stm32.13.3.rel1.win32_1.0.0.202411081344/tools/bin/../lib/gcc/arm-none-eabi/13.3.1/../../../../arm-none-eabi/lib/thumb/v7e-m+fp/hard\libc_nano.a(libc_a-nano-vfprintf_float.o)
                0x080133fc                __cvt
 .text.__exponent
                0x080134c6       0x74 C:/ST/STM32CubeIDE_1.19.0/STM32CubeIDE/plugins/com.st.stm32cube.ide.mcu.externaltools.gnu-tools-for-stm32.13.3.rel1.win32_1.0.0.202411081344/tools/bin/../lib/gcc/arm-none-eabi/13.3.1/../../../../arm-none-eabi/lib/thumb/v7e-m+fp/hard\libc_nano.a(libc_a-nano-vfprintf_float.o)
                0x080134c6                __exponent
 *fill*         0x0801353a        0x2 
 .text._printf_float
                0x0801353c      0x454 C:/ST/STM32CubeIDE_1.19.0/STM32CubeIDE/plugins/com.st.stm32cube.ide.mcu.externaltools.gnu-tools-for-stm32.13.3.rel1.win32_1.0.0.202411081344/tools/bin/../lib/gcc/arm-none-eabi/13.3.1/../../../../arm-none-eabi/lib/thumb/v7e-m+fp/hard\libc_nano.a(libc_a-nano-vfprintf_float.o)
                0x0801353c                _printf_float
 .text._printf_common
                0x08013990       0xda C:/ST/STM32CubeIDE_1.19.0/STM32CubeIDE/plugins/com.st.stm32cube.ide.mcu.externaltools.gnu-tools-for-stm32.13.3.rel1.win32_1.0.0.202411081344/tools/bin/../lib/gcc/arm-none-eabi/13.3.1/../../../../arm-none-eabi/lib/thumb/v7e-m+fp/hard\libc_nano.a(libc_a-nano-vfprintf_i.o)
                0x08013990                _printf_common
 *fill*         0x08013a6a        0x2 
 .text._printf_i
                0x08013a6c      0x23c C:/ST/STM32CubeIDE_1.19.0/STM32CubeIDE/plugins/com.st.stm32cube.ide.mcu.externaltools.gnu-tools-for-stm32.13.3.rel1.win32_1.0.0.202411081344/tools/bin/../lib/gcc/arm-none-eabi/13.3.1/../../../../arm-none-eabi/lib/thumb/v7e-m+fp/hard\libc_nano.a(libc_a-nano-vfprintf_i.o)
                0x08013a6c                _printf_i
 .text.std      0x08013ca8       0x6c C:/ST/STM32CubeIDE_1.19.0/STM32CubeIDE/plugins/com.st.stm32cube.ide.mcu.externaltools.gnu-tools-for-stm32.13.3.rel1.win32_1.0.0.202411081344/tools/bin/../lib/gcc/arm-none-eabi/13.3.1/../../../../arm-none-eabi/lib/thumb/v7e-m+fp/hard\libc_nano.a(libc_a-findfp.o)
 .text.stdio_exit_handler
                0x08013d14       0x18 C:/ST/STM32CubeIDE_1.19.0/STM32CubeIDE/plugins/com.st.stm32cube.ide.mcu.externaltools.gnu-tools-for-stm32.13.3.rel1.win32_1.0.0.202411081344/tools/bin/../lib/gcc/arm-none-eabi/13.3.1/../../../../arm-none-eabi/lib/thumb/v7e-m+fp/hard\libc_nano.a(libc_a-findfp.o)
 .text.cleanup_stdio
                0x08013d2c       0x40 C:/ST/STM32CubeIDE_1.19.0/STM32CubeIDE/plugins/com.st.stm32cube.ide.mcu.externaltools.gnu-tools-for-stm32.13.3.rel1.win32_1.0.0.202411081344/tools/bin/../lib/gcc/arm-none-eabi/13.3.1/../../../../arm-none-eabi/lib/thumb/v7e-m+fp/hard\libc_nano.a(libc_a-findfp.o)
 .text.global_stdio_init.part.0
                0x08013d6c       0x3c C:/ST/STM32CubeIDE_1.19.0/STM32CubeIDE/plugins/com.st.stm32cube.ide.mcu.externaltools.gnu-tools-for-stm32.13.3.rel1.win32_1.0.0.202411081344/tools/bin/../lib/gcc/arm-none-eabi/13.3.1/../../../../arm-none-eabi/lib/thumb/v7e-m+fp/hard\libc_nano.a(libc_a-findfp.o)
 .text.__sfp_lock_acquire
                0x08013da8        0xc C:/ST/STM32CubeIDE_1.19.0/STM32CubeIDE/plugins/com.st.stm32cube.ide.mcu.externaltools.gnu-tools-for-stm32.13.3.rel1.win32_1.0.0.202411081344/tools/bin/../lib/gcc/arm-none-eabi/13.3.1/../../../../arm-none-eabi/lib/thumb/v7e-m+fp/hard\libc_nano.a(libc_a-findfp.o)
                0x08013da8                __sfp_lock_acquire
 .text.__sfp_lock_release
                0x08013db4        0xc C:/ST/STM32CubeIDE_1.19.0/STM32CubeIDE/plugins/com.st.stm32cube.ide.mcu.externaltools.gnu-tools-for-stm32.13.3.rel1.win32_1.0.0.202411081344/tools/bin/../lib/gcc/arm-none-eabi/13.3.1/../../../../arm-none-eabi/lib/thumb/v7e-m+fp/hard\libc_nano.a(libc_a-findfp.o)
                0x08013db4                __sfp_lock_release
 .text.__sinit  0x08013dc0       0x30 C:/ST/STM32CubeIDE_1.19.0/STM32CubeIDE/plugins/com.st.stm32cube.ide.mcu.externaltools.gnu-tools-for-stm32.13.3.rel1.win32_1.0.0.202411081344/tools/bin/../lib/gcc/arm-none-eabi/13.3.1/../../../../arm-none-eabi/lib/thumb/v7e-m+fp/hard\libc_nano.a(libc_a-findfp.o)
                0x08013dc0                __sinit
 .text._fwalk_sglue
                0x08013df0       0x3c C:/ST/STM32CubeIDE_1.19.0/STM32CubeIDE/plugins/com.st.stm32cube.ide.mcu.externaltools.gnu-tools-for-stm32.13.3.rel1.win32_1.0.0.202411081344/tools/bin/../lib/gcc/arm-none-eabi/13.3.1/../../../../arm-none-eabi/lib/thumb/v7e-m+fp/hard\libc_nano.a(libc_a-fwalk.o)
                0x08013df0                _fwalk_sglue
 .text.snprintf
                0x08013e2c       0x6c C:/ST/STM32CubeIDE_1.19.0/STM32CubeIDE/plugins/com.st.stm32cube.ide.mcu.externaltools.gnu-tools-for-stm32.13.3.rel1.win32_1.0.0.202411081344/tools/bin/../lib/gcc/arm-none-eabi/13.3.1/../../../../arm-none-eabi/lib/thumb/v7e-m+fp/hard\libc_nano.a(libc_a-snprintf.o)
                0x08013e2c                sniprintf
                0x08013e2c                snprintf
 .text.sscanf   0x08013e98       0x58 C:/ST/STM32CubeIDE_1.19.0/STM32CubeIDE/plugins/com.st.stm32cube.ide.mcu.externaltools.gnu-tools-for-stm32.13.3.rel1.win32_1.0.0.202411081344/tools/bin/../lib/gcc/arm-none-eabi/13.3.1/../../../../arm-none-eabi/lib/thumb/v7e-m+fp/hard\libc_nano.a(libc_a-sscanf.o)
                0x08013e98                siscanf
                0x08013e98                sscanf
 .text.__sread  0x08013ef0       0x22 C:/ST/STM32CubeIDE_1.19.0/STM32CubeIDE/plugins/com.st.stm32cube.ide.mcu.externaltools.gnu-tools-for-stm32.13.3.rel1.win32_1.0.0.202411081344/tools/bin/../lib/gcc/arm-none-eabi/13.3.1/../../../../arm-none-eabi/lib/thumb/v7e-m+fp/hard\libc_nano.a(libc_a-stdio.o)
                0x08013ef0                __sread
 .text.__seofread
                0x08013f12        0x4 C:/ST/STM32CubeIDE_1.19.0/STM32CubeIDE/plugins/com.st.stm32cube.ide.mcu.externaltools.gnu-tools-for-stm32.13.3.rel1.win32_1.0.0.202411081344/tools/bin/../lib/gcc/arm-none-eabi/13.3.1/../../../../arm-none-eabi/lib/thumb/v7e-m+fp/hard\libc_nano.a(libc_a-stdio.o)
                0x08013f12                __seofread
 .text.__swrite
                0x08013f16       0x38 C:/ST/STM32CubeIDE_1.19.0/STM32CubeIDE/plugins/com.st.stm32cube.ide.mcu.externaltools.gnu-tools-for-stm32.13.3.rel1.win32_1.0.0.202411081344/tools/bin/../lib/gcc/arm-none-eabi/13.3.1/../../../../arm-none-eabi/lib/thumb/v7e-m+fp/hard\libc_nano.a(libc_a-stdio.o)
                0x08013f16                __swrite
 .text.__sseek  0x08013f4e       0x24 C:/ST/STM32CubeIDE_1.19.0/STM32CubeIDE/plugins/com.st.stm32cube.ide.mcu.externaltools.gnu-tools-for-stm32.13.3.rel1.win32_1.0.0.202411081344/tools/bin/../lib/gcc/arm-none-eabi/13.3.1/../../../../arm-none-eabi/lib/thumb/v7e-m+fp/hard\libc_nano.a(libc_a-stdio.o)
                0x08013f4e                __sseek
 .text.__sclose
                0x08013f72        0x8 C:/ST/STM32CubeIDE_1.19.0/STM32CubeIDE/plugins/com.st.stm32cube.ide.mcu.externaltools.gnu-tools-for-stm32.13.3.rel1.win32_1.0.0.202411081344/tools/bin/../lib/gcc/arm-none-eabi/13.3.1/../../../../arm-none-eabi/lib/thumb/v7e-m+fp/hard\libc_nano.a(libc_a-stdio.o)
                0x08013f72                __sclose
 .text.memset   0x08013f7a       0x10 C:/ST/STM32CubeIDE_1.19.0/STM32CubeIDE/plugins/com.st.stm32cube.ide.mcu.externaltools.gnu-tools-for-stm32.13.3.rel1.win32_1.0.0.202411081344/tools/bin/../lib/gcc/arm-none-eabi/13.3.1/../../../../arm-none-eabi/lib/thumb/v7e-m+fp/hard\libc_nano.a(libc_a-memset.o)
                0x08013f7a                memset
 *fill*         0x08013f8a        0x2 
 .text.strcasecmp
                0x08013f8c       0x38 C:/ST/STM32CubeIDE_1.19.0/STM32CubeIDE/plugins/com.st.stm32cube.ide.mcu.externaltools.gnu-tools-for-stm32.13.3.rel1.win32_1.0.0.202411081344/tools/bin/../lib/gcc/arm-none-eabi/13.3.1/../../../../arm-none-eabi/lib/thumb/v7e-m+fp/hard\libc_nano.a(libc_a-strcasecmp.o)
                0x08013f8c                strcasecmp
 .text.strncat  0x08013fc4       0x26 C:/ST/STM32CubeIDE_1.19.0/STM32CubeIDE/plugins/com.st.stm32cube.ide.mcu.externaltools.gnu-tools-for-stm32.13.3.rel1.win32_1.0.0.202411081344/tools/bin/../lib/gcc/arm-none-eabi/13.3.1/../../../../arm-none-eabi/lib/thumb/v7e-m+fp/hard\libc_nano.a(libc_a-strncat.o)
                0x08013fc4                strncat
 .text.strncpy  0x08013fea       0x26 C:/ST/STM32CubeIDE_1.19.0/STM32CubeIDE/plugins/com.st.stm32cube.ide.mcu.externaltools.gnu-tools-for-stm32.13.3.rel1.win32_1.0.0.202411081344/tools/bin/../lib/gcc/arm-none-eabi/13.3.1/../../../../arm-none-eabi/lib/thumb/v7e-m+fp/hard\libc_nano.a(libc_a-strncpy.o)
                0x08013fea                strncpy
 .text._localeconv_r
                0x08014010        0x8 C:/ST/STM32CubeIDE_1.19.0/STM32CubeIDE/plugins/com.st.stm32cube.ide.mcu.externaltools.gnu-tools-for-stm32.13.3.rel1.win32_1.0.0.202411081344/tools/bin/../lib/gcc/arm-none-eabi/13.3.1/../../../../arm-none-eabi/lib/thumb/v7e-m+fp/hard\libc_nano.a(libc_a-localeconv.o)
                0x08014010                _localeconv_r
 .text._close_r
                0x08014018       0x20 C:/ST/STM32CubeIDE_1.19.0/STM32CubeIDE/plugins/com.st.stm32cube.ide.mcu.externaltools.gnu-tools-for-stm32.13.3.rel1.win32_1.0.0.202411081344/tools/bin/../lib/gcc/arm-none-eabi/13.3.1/../../../../arm-none-eabi/lib/thumb/v7e-m+fp/hard\libc_nano.a(libc_a-closer.o)
                0x08014018                _close_r
 .text._lseek_r
                0x08014038       0x24 C:/ST/STM32CubeIDE_1.19.0/STM32CubeIDE/plugins/com.st.stm32cube.ide.mcu.externaltools.gnu-tools-for-stm32.13.3.rel1.win32_1.0.0.202411081344/tools/bin/../lib/gcc/arm-none-eabi/13.3.1/../../../../arm-none-eabi/lib/thumb/v7e-m+fp/hard\libc_nano.a(libc_a-lseekr.o)
                0x08014038                _lseek_r
 .text._read_r  0x0801405c       0x24 C:/ST/STM32CubeIDE_1.19.0/STM32CubeIDE/plugins/com.st.stm32cube.ide.mcu.externaltools.gnu-tools-for-stm32.13.3.rel1.win32_1.0.0.202411081344/tools/bin/../lib/gcc/arm-none-eabi/13.3.1/../../../../arm-none-eabi/lib/thumb/v7e-m+fp/hard\libc_nano.a(libc_a-readr.o)
                0x0801405c                _read_r
 .text._write_r
                0x08014080       0x24 C:/ST/STM32CubeIDE_1.19.0/STM32CubeIDE/plugins/com.st.stm32cube.ide.mcu.externaltools.gnu-tools-for-stm32.13.3.rel1.win32_1.0.0.202411081344/tools/bin/../lib/gcc/arm-none-eabi/13.3.1/../../../../arm-none-eabi/lib/thumb/v7e-m+fp/hard\libc_nano.a(libc_a-writer.o)
                0x08014080                _write_r
 .text.__errno  0x080140a4        0xc C:/ST/STM32CubeIDE_1.19.0/STM32CubeIDE/plugins/com.st.stm32cube.ide.mcu.externaltools.gnu-tools-for-stm32.13.3.rel1.win32_1.0.0.202411081344/tools/bin/../lib/gcc/arm-none-eabi/13.3.1/../../../../arm-none-eabi/lib/thumb/v7e-m+fp/hard\libc_nano.a(libc_a-errno.o)
                0x080140a4                __errno
 .text.__libc_init_array
                0x080140b0       0x48 C:/ST/STM32CubeIDE_1.19.0/STM32CubeIDE/plugins/com.st.stm32cube.ide.mcu.externaltools.gnu-tools-for-stm32.13.3.rel1.win32_1.0.0.202411081344/tools/bin/../lib/gcc/arm-none-eabi/13.3.1/../../../../arm-none-eabi/lib/thumb/v7e-m+fp/hard\libc_nano.a(libc_a-init.o)
                0x080140b0                __libc_init_array
 .text.__retarget_lock_init_recursive
                0x080140f8        0x2 C:/ST/STM32CubeIDE_1.19.0/STM32CubeIDE/plugins/com.st.stm32cube.ide.mcu.externaltools.gnu-tools-for-stm32.13.3.rel1.win32_1.0.0.202411081344/tools/bin/../lib/gcc/arm-none-eabi/13.3.1/../../../../arm-none-eabi/lib/thumb/v7e-m+fp/hard\libc_nano.a(libc_a-lock.o)
                0x080140f8                __retarget_lock_init_recursive
 .text.__retarget_lock_acquire_recursive
                0x080140fa        0x2 C:/ST/STM32CubeIDE_1.19.0/STM32CubeIDE/plugins/com.st.stm32cube.ide.mcu.externaltools.gnu-tools-for-stm32.13.3.rel1.win32_1.0.0.202411081344/tools/bin/../lib/gcc/arm-none-eabi/13.3.1/../../../../arm-none-eabi/lib/thumb/v7e-m+fp/hard\libc_nano.a(libc_a-lock.o)
                0x080140fa                __retarget_lock_acquire_recursive
 .text.__retarget_lock_release_recursive
                0x080140fc        0x2 C:/ST/STM32CubeIDE_1.19.0/STM32CubeIDE/plugins/com.st.stm32cube.ide.mcu.externaltools.gnu-tools-for-stm32.13.3.rel1.win32_1.0.0.202411081344/tools/bin/../lib/gcc/arm-none-eabi/13.3.1/../../../../arm-none-eabi/lib/thumb/v7e-m+fp/hard\libc_nano.a(libc_a-lock.o)
                0x080140fc                __retarget_lock_release_recursive
 .text.strcpy   0x080140fe       0x10 C:/ST/STM32CubeIDE_1.19.0/STM32CubeIDE/plugins/com.st.stm32cube.ide.mcu.externaltools.gnu-tools-for-stm32.13.3.rel1.win32_1.0.0.202411081344/tools/bin/../lib/gcc/arm-none-eabi/13.3.1/../../../../arm-none-eabi/lib/thumb/v7e-m+fp/hard\libc_nano.a(libc_a-strcpy.o)
                0x080140fe                strcpy
 .text.memcpy   0x0801410e       0x1c C:/ST/STM32CubeIDE_1.19.0/STM32CubeIDE/plugins/com.st.stm32cube.ide.mcu.externaltools.gnu-tools-for-stm32.13.3.rel1.win32_1.0.0.202411081344/tools/bin/../lib/gcc/arm-none-eabi/13.3.1/../../../../arm-none-eabi/lib/thumb/v7e-m+fp/hard\libc_nano.a(libc_a-memcpy-stub.o)
                0x0801410e                memcpy
 .text.quorem   0x0801412a      0x110 C:/ST/STM32CubeIDE_1.19.0/STM32CubeIDE/plugins/com.st.stm32cube.ide.mcu.externaltools.gnu-tools-for-stm32.13.3.rel1.win32_1.0.0.202411081344/tools/bin/../lib/gcc/arm-none-eabi/13.3.1/../../../../arm-none-eabi/lib/thumb/v7e-m+fp/hard\libc_nano.a(libc_a-dtoa.o)
 *fill*         0x0801423a        0x6 
 .text._dtoa_r  0x08014240      0xba0 C:/ST/STM32CubeIDE_1.19.0/STM32CubeIDE/plugins/com.st.stm32cube.ide.mcu.externaltools.gnu-tools-for-stm32.13.3.rel1.win32_1.0.0.202411081344/tools/bin/../lib/gcc/arm-none-eabi/13.3.1/../../../../arm-none-eabi/lib/thumb/v7e-m+fp/hard\libc_nano.a(libc_a-dtoa.o)
                0x08014240                _dtoa_r
 .text._free_r  0x08014de0       0x94 C:/ST/STM32CubeIDE_1.19.0/STM32CubeIDE/plugins/com.st.stm32cube.ide.mcu.externaltools.gnu-tools-for-stm32.13.3.rel1.win32_1.0.0.202411081344/tools/bin/../lib/gcc/arm-none-eabi/13.3.1/../../../../arm-none-eabi/lib/thumb/v7e-m+fp/hard\libc_nano.a(libc_a-freer.o)
                0x08014de0                _free_r
 .text.malloc   0x08014e74       0x10 C:/ST/STM32CubeIDE_1.19.0/STM32CubeIDE/plugins/com.st.stm32cube.ide.mcu.externaltools.gnu-tools-for-stm32.13.3.rel1.win32_1.0.0.202411081344/tools/bin/../lib/gcc/arm-none-eabi/13.3.1/../../../../arm-none-eabi/lib/thumb/v7e-m+fp/hard\libc_nano.a(libc_a-malloc.o)
                0x08014e74                malloc
 .text.sbrk_aligned
                0x08014e84       0x44 C:/ST/STM32CubeIDE_1.19.0/STM32CubeIDE/plugins/com.st.stm32cube.ide.mcu.externaltools.gnu-tools-for-stm32.13.3.rel1.win32_1.0.0.202411081344/tools/bin/../lib/gcc/arm-none-eabi/13.3.1/../../../../arm-none-eabi/lib/thumb/v7e-m+fp/hard\libc_nano.a(libc_a-mallocr.o)
 .text._malloc_r
                0x08014ec8      0x100 C:/ST/STM32CubeIDE_1.19.0/STM32CubeIDE/plugins/com.st.stm32cube.ide.mcu.externaltools.gnu-tools-for-stm32.13.3.rel1.win32_1.0.0.202411081344/tools/bin/../lib/gcc/arm-none-eabi/13.3.1/../../../../arm-none-eabi/lib/thumb/v7e-m+fp/hard\libc_nano.a(libc_a-mallocr.o)
                0x08014ec8                _malloc_r
 .text.__malloc_lock
                0x08014fc8        0xc C:/ST/STM32CubeIDE_1.19.0/STM32CubeIDE/plugins/com.st.stm32cube.ide.mcu.externaltools.gnu-tools-for-stm32.13.3.rel1.win32_1.0.0.202411081344/tools/bin/../lib/gcc/arm-none-eabi/13.3.1/../../../../arm-none-eabi/lib/thumb/v7e-m+fp/hard\libc_nano.a(libc_a-mlock.o)
                0x08014fc8                __malloc_lock
 .text.__malloc_unlock
                0x08014fd4        0xc C:/ST/STM32CubeIDE_1.19.0/STM32CubeIDE/plugins/com.st.stm32cube.ide.mcu.externaltools.gnu-tools-for-stm32.13.3.rel1.win32_1.0.0.202411081344/tools/bin/../lib/gcc/arm-none-eabi/13.3.1/../../../../arm-none-eabi/lib/thumb/v7e-m+fp/hard\libc_nano.a(libc_a-mlock.o)
                0x08014fd4                __malloc_unlock
 .text._Balloc  0x08014fe0       0x80 C:/ST/STM32CubeIDE_1.19.0/STM32CubeIDE/plugins/com.st.stm32cube.ide.mcu.externaltools.gnu-tools-for-stm32.13.3.rel1.win32_1.0.0.202411081344/tools/bin/../lib/gcc/arm-none-eabi/13.3.1/../../../../arm-none-eabi/lib/thumb/v7e-m+fp/hard\libc_nano.a(libc_a-mprec.o)
                0x08014fe0                _Balloc
 .text._Bfree   0x08015060       0x44 C:/ST/STM32CubeIDE_1.19.0/STM32CubeIDE/plugins/com.st.stm32cube.ide.mcu.externaltools.gnu-tools-for-stm32.13.3.rel1.win32_1.0.0.202411081344/tools/bin/../lib/gcc/arm-none-eabi/13.3.1/../../../../arm-none-eabi/lib/thumb/v7e-m+fp/hard\libc_nano.a(libc_a-mprec.o)
                0x08015060                _Bfree
 .text.__multadd
                0x080150a4       0x8c C:/ST/STM32CubeIDE_1.19.0/STM32CubeIDE/plugins/com.st.stm32cube.ide.mcu.externaltools.gnu-tools-for-stm32.13.3.rel1.win32_1.0.0.202411081344/tools/bin/../lib/gcc/arm-none-eabi/13.3.1/../../../../arm-none-eabi/lib/thumb/v7e-m+fp/hard\libc_nano.a(libc_a-mprec.o)
                0x080150a4                __multadd
 .text.__hi0bits
                0x08015130       0x3e C:/ST/STM32CubeIDE_1.19.0/STM32CubeIDE/plugins/com.st.stm32cube.ide.mcu.externaltools.gnu-tools-for-stm32.13.3.rel1.win32_1.0.0.202411081344/tools/bin/../lib/gcc/arm-none-eabi/13.3.1/../../../../arm-none-eabi/lib/thumb/v7e-m+fp/hard\libc_nano.a(libc_a-mprec.o)
                0x08015130                __hi0bits
 .text.__lo0bits
                0x0801516e       0x5a C:/ST/STM32CubeIDE_1.19.0/STM32CubeIDE/plugins/com.st.stm32cube.ide.mcu.externaltools.gnu-tools-for-stm32.13.3.rel1.win32_1.0.0.202411081344/tools/bin/../lib/gcc/arm-none-eabi/13.3.1/../../../../arm-none-eabi/lib/thumb/v7e-m+fp/hard\libc_nano.a(libc_a-mprec.o)
                0x0801516e                __lo0bits
 .text.__i2b    0x080151c8       0x2c C:/ST/STM32CubeIDE_1.19.0/STM32CubeIDE/plugins/com.st.stm32cube.ide.mcu.externaltools.gnu-tools-for-stm32.13.3.rel1.win32_1.0.0.202411081344/tools/bin/../lib/gcc/arm-none-eabi/13.3.1/../../../../arm-none-eabi/lib/thumb/v7e-m+fp/hard\libc_nano.a(libc_a-mprec.o)
                0x080151c8                __i2b
 .text.__multiply
                0x080151f4      0x144 C:/ST/STM32CubeIDE_1.19.0/STM32CubeIDE/plugins/com.st.stm32cube.ide.mcu.externaltools.gnu-tools-for-stm32.13.3.rel1.win32_1.0.0.202411081344/tools/bin/../lib/gcc/arm-none-eabi/13.3.1/../../../../arm-none-eabi/lib/thumb/v7e-m+fp/hard\libc_nano.a(libc_a-mprec.o)
                0x080151f4                __multiply
 .text.__pow5mult
                0x08015338       0xb4 C:/ST/STM32CubeIDE_1.19.0/STM32CubeIDE/plugins/com.st.stm32cube.ide.mcu.externaltools.gnu-tools-for-stm32.13.3.rel1.win32_1.0.0.202411081344/tools/bin/../lib/gcc/arm-none-eabi/13.3.1/../../../../arm-none-eabi/lib/thumb/v7e-m+fp/hard\libc_nano.a(libc_a-mprec.o)